Copyright 1986-2022 Xilinx, Inc. All Rights Reserved. Copyright 2022-2024 Advanced Micro Devices, Inc. All Rights Reserved.
---------------------------------------------------------------------------------------------------------------------------------------------
| Tool Version : Vivado v.2024.1 (win64) Build 5076996 Wed May 22 18:37:14 MDT 2024
| Date         : Wed May  6 15:56:57 2026
| Host         : DESKTOP-U0V267S running 64-bit major release  (build 9200)
| Command      : upgrade_ip
| Device       : xczu3eg-sbva484-1-i
---------------------------------------------------------------------------------------------------------------------------------------------

Upgrade Log for IP 'design_1_riscv_soc_axi_wrapper_0_1'

1. Summary
----------

SUCCESS in the update of design_1_riscv_soc_axi_wrapper_0_1 (xilinx.com:user:riscv_soc_axi_wrapper:1.0 (Rev. 1)) to current project options.






Copyright 1986-2022 Xilinx, Inc. All Rights Reserved. Copyright 2022-2024 Advanced Micro Devices, Inc. All Rights Reserved.
---------------------------------------------------------------------------------------------------------------------------------------------
| Tool Version : Vivado v.2024.1 (win64) Build 5076996 Wed May 22 18:37:14 MDT 2024
| Date         : Wed May  6 15:47:45 2026
| Host         : DESKTOP-U0V267S running 64-bit major release  (build 9200)
| Command      : upgrade_ip
| Device       : xczu3eg-sbva484-1-i
---------------------------------------------------------------------------------------------------------------------------------------------

Upgrade Log for IP 'design_1_riscv_soc_axi_wrapper_0_1'

1. Summary
----------

SUCCESS in the update of design_1_riscv_soc_axi_wrapper_0_1 (xilinx.com:user:riscv_soc_axi_wrapper:1.0 (Rev. 1)) to current project options.






Copyright 1986-2022 Xilinx, Inc. All Rights Reserved. Copyright 2022-2024 Advanced Micro Devices, Inc. All Rights Reserved.
---------------------------------------------------------------------------------------------------------------------------------------------
| Tool Version : Vivado v.2024.1 (win64) Build 5076996 Wed May 22 18:37:14 MDT 2024
| Date         : Wed May  6 15:20:39 2026
| Host         : DESKTOP-U0V267S running 64-bit major release  (build 9200)
| Command      : upgrade_ip
| Device       : xczu3eg-sbva484-1-i
---------------------------------------------------------------------------------------------------------------------------------------------

Upgrade Log for IP 'design_1_riscv_soc_axi_wrapper_0_1'

1. Summary
----------

SUCCESS in the update of design_1_riscv_soc_axi_wrapper_0_1 (xilinx.com:user:riscv_soc_axi_wrapper:1.0 (Rev. 1)) to current project options.






Copyright 1986-2022 Xilinx, Inc. All Rights Reserved. Copyright 2022-2024 Advanced Micro Devices, Inc. All Rights Reserved.
---------------------------------------------------------------------------------------------------------------------------------------------
| Tool Version : Vivado v.2024.1 (win64) Build 5076996 Wed May 22 18:37:14 MDT 2024
| Date         : Wed May  6 14:59:32 2026
| Host         : DESKTOP-U0V267S running 64-bit major release  (build 9200)
| Command      : upgrade_ip
| Device       : xczu3eg-sbva484-1-i
---------------------------------------------------------------------------------------------------------------------------------------------

Upgrade Log for IP 'design_1_riscv_soc_axi_wrapper_0_1'

1. Summary
----------

SUCCESS in the update of design_1_riscv_soc_axi_wrapper_0_1 (xilinx.com:user:riscv_soc_axi_wrapper:1.0 (Rev. 1)) to current project options.






Copyright 1986-2022 Xilinx, Inc. All Rights Reserved. Copyright 2022-2024 Advanced Micro Devices, Inc. All Rights Reserved.
---------------------------------------------------------------------------------------------------------------------------------------------
| Tool Version : Vivado v.2024.1 (win64) Build 5076996 Wed May 22 18:37:14 MDT 2024
| Date         : Tue May  5 13:47:25 2026
| Host         : DESKTOP-U0V267S running 64-bit major release  (build 9200)
| Command      : upgrade_ip
| Device       : xczu3eg-sbva484-1-i
---------------------------------------------------------------------------------------------------------------------------------------------

Upgrade Log for IP 'design_1_riscv_soc_axi_wrapper_0_1'

1. Summary
----------

SUCCESS in the update of design_1_riscv_soc_axi_wrapper_0_1 (xilinx.com:user:riscv_soc_axi_wrapper:1.0 (Rev. 1)) to current project options.






Copyright 1986-2022 Xilinx, Inc. All Rights Reserved. Copyright 2022-2024 Advanced Micro Devices, Inc. All Rights Reserved.
---------------------------------------------------------------------------------------------------------------------------------------------
| Tool Version : Vivado v.2024.1 (win64) Build 5076996 Wed May 22 18:37:14 MDT 2024
| Date         : Tue May  5 13:46:25 2026
| Host         : DESKTOP-U0V267S running 64-bit major release  (build 9200)
| Command      : upgrade_ip
| Device       : xczu3eg-sbva484-1-i
---------------------------------------------------------------------------------------------------------------------------------------------

Upgrade Log for IP 'design_1_riscv_soc_axi_wrapper_0_1'

1. Summary
----------

SUCCESS in the update of design_1_riscv_soc_axi_wrapper_0_1 (xilinx.com:user:riscv_soc_axi_wrapper:1.0 (Rev. 1)) to current project options.






Copyright 1986-2022 Xilinx, Inc. All Rights Reserved. Copyright 2022-2024 Advanced Micro Devices, Inc. All Rights Reserved.
---------------------------------------------------------------------------------------------------------------------------------------------
| Tool Version : Vivado v.2024.1 (win64) Build 5076996 Wed May 22 18:37:14 MDT 2024
| Date         : Mon May  4 10:14:30 2026
| Host         : DESKTOP-U0V267S running 64-bit major release  (build 9200)
| Command      : upgrade_ip
| Device       : xczu3eg-sbva484-1-i
---------------------------------------------------------------------------------------------------------------------------------------------

Upgrade Log for IP 'design_1_riscv_soc_axi_wrapper_0_1'

1. Summary
----------

SUCCESS in the update of design_1_riscv_soc_axi_wrapper_0_1 (xilinx.com:user:riscv_soc_axi_wrapper:1.0 (Rev. 1)) to current project options.






Copyright 1986-2022 Xilinx, Inc. All Rights Reserved. Copyright 2022-2024 Advanced Micro Devices, Inc. All Rights Reserved.
---------------------------------------------------------------------------------------------------------------------------------------------
| Tool Version : Vivado v.2024.1 (win64) Build 5076996 Wed May 22 18:37:14 MDT 2024
| Date         : Mon May  4 10:11:10 2026
| Host         : DESKTOP-U0V267S running 64-bit major release  (build 9200)
| Command      : upgrade_ip
| Device       : xczu3eg-sbva484-1-i
---------------------------------------------------------------------------------------------------------------------------------------------

Upgrade Log for IP 'design_1_riscv_soc_axi_wrapper_0_1'

1. Summary
----------

SUCCESS in the update of design_1_riscv_soc_axi_wrapper_0_1 (xilinx.com:user:riscv_soc_axi_wrapper:1.0 (Rev. 1)) to current project options.






Copyright 1986-2022 Xilinx, Inc. All Rights Reserved. Copyright 2022-2024 Advanced Micro Devices, Inc. All Rights Reserved.
---------------------------------------------------------------------------------------------------------------------------------------------
| Tool Version : Vivado v.2024.1 (win64) Build 5076996 Wed May 22 18:37:14 MDT 2024
| Date         : Sun May  3 12:06:19 2026
| Host         : DESKTOP-U0V267S running 64-bit major release  (build 9200)
| Command      : upgrade_ip
| Device       : xczu3eg-sbva484-1-i
---------------------------------------------------------------------------------------------------------------------------------------------

Upgrade Log for IP 'design_1_riscv_soc_axi_wrapper_0_1'

1. Summary
----------

SUCCESS in the update of design_1_riscv_soc_axi_wrapper_0_1 (xilinx.com:user:riscv_soc_axi_wrapper:1.0 (Rev. 1)) to current project options.






Copyright 1986-2022 Xilinx, Inc. All Rights Reserved. Copyright 2022-2024 Advanced Micro Devices, Inc. All Rights Reserved.
---------------------------------------------------------------------------------------------------------------------------------------------
| Tool Version : Vivado v.2024.1 (win64) Build 5076996 Wed May 22 18:37:14 MDT 2024
| Date         : Sun May  3 10:37:22 2026
| Host         : DESKTOP-U0V267S running 64-bit major release  (build 9200)
| Command      : upgrade_ip
| Device       : xczu3eg-sbva484-1-i
---------------------------------------------------------------------------------------------------------------------------------------------

Upgrade Log for IP 'design_1_riscv_soc_axi_wrapper_0_1'

1. Summary
----------

SUCCESS in the update of design_1_riscv_soc_axi_wrapper_0_1 (xilinx.com:user:riscv_soc_axi_wrapper:1.0 (Rev. 1)) to current project options.






Copyright 1986-2022 Xilinx, Inc. All Rights Reserved. Copyright 2022-2024 Advanced Micro Devices, Inc. All Rights Reserved.
---------------------------------------------------------------------------------------------------------------------------------------------
| Tool Version : Vivado v.2024.1 (win64) Build 5076996 Wed May 22 18:37:14 MDT 2024
| Date         : Mon Apr  6 16:11:16 2026
| Host         : DESKTOP-U0V267S running 64-bit major release  (build 9200)
| Command      : upgrade_ip
| Device       : xczu3eg-sbva484-1-i
---------------------------------------------------------------------------------------------------------------------------------------------

Upgrade Log for IP 'design_1_riscv_soc_axi_wrapper_0_1'

1. Summary
----------

SUCCESS in the update of design_1_riscv_soc_axi_wrapper_0_1 (xilinx.com:user:riscv_soc_axi_wrapper:1.0 (Rev. 1)) to current project options.






Copyright 1986-2022 Xilinx, Inc. All Rights Reserved. Copyright 2022-2024 Advanced Micro Devices, Inc. All Rights Reserved.
---------------------------------------------------------------------------------------------------------------------------------------------
| Tool Version : Vivado v.2024.1 (win64) Build 5076996 Wed May 22 18:37:14 MDT 2024
| Date         : Mon Apr  6 15:45:59 2026
| Host         : DESKTOP-U0V267S running 64-bit major release  (build 9200)
| Command      : upgrade_ip
| Device       : xczu3eg-sbva484-1-i
---------------------------------------------------------------------------------------------------------------------------------------------

Upgrade Log for IP 'design_1_riscv_soc_axi_wrapper_0_1'

1. Summary
----------

SUCCESS in the update of design_1_riscv_soc_axi_wrapper_0_1 (xilinx.com:user:riscv_soc_axi_wrapper:1.0 (Rev. 1)) to current project options.






Copyright 1986-2022 Xilinx, Inc. All Rights Reserved. Copyright 2022-2024 Advanced Micro Devices, Inc. All Rights Reserved.
---------------------------------------------------------------------------------------------------------------------------------------------
| Tool Version : Vivado v.2024.1 (win64) Build 5076996 Wed May 22 18:37:14 MDT 2024
| Date         : Mon Apr  6 15:25:46 2026
| Host         : DESKTOP-U0V267S running 64-bit major release  (build 9200)
| Command      : upgrade_ip
| Device       : xczu3eg-sbva484-1-i
---------------------------------------------------------------------------------------------------------------------------------------------

Upgrade Log for IP 'design_1_riscv_soc_axi_wrapper_0_1'

1. Summary
----------

SUCCESS in the upgrade of design_1_riscv_soc_axi_wrapper_0_1 (xilinx.com:user:riscv_soc_axi_wrapper:1.0) from (Rev. 2) to (Rev. 1)






Copyright 1986-2022 Xilinx, Inc. All Rights Reserved. Copyright 2022-2024 Advanced Micro Devices, Inc. All Rights Reserved.
---------------------------------------------------------------------------------------------------------------------------------------------
| Tool Version : Vivado v.2024.1 (win64) Build 5076996 Wed May 22 18:37:14 MDT 2024
| Date         : Mon Apr  6 14:44:36 2026
| Host         : DESKTOP-U0V267S running 64-bit major release  (build 9200)
| Command      : upgrade_ip
| Device       : xczu3eg-sbva484-1-i
---------------------------------------------------------------------------------------------------------------------------------------------

Upgrade Log for IP 'design_1_riscv_soc_axi_wrapper_0_1'

1. Summary
----------

SUCCESS in the upgrade of design_1_riscv_soc_axi_wrapper_0_1 (xilinx.com:user:riscv_soc_axi_wrapper:1.0) from (Rev. 1) to (Rev. 2)






Copyright 1986-2022 Xilinx, Inc. All Rights Reserved. Copyright 2022-2024 Advanced Micro Devices, Inc. All Rights Reserved.
---------------------------------------------------------------------------------------------------------------------------------------------
| Tool Version : Vivado v.2024.1 (win64) Build 5076996 Wed May 22 18:37:14 MDT 2024
| Date         : Mon Apr  6 14:42:05 2026
| Host         : DESKTOP-U0V267S running 64-bit major release  (build 9200)
| Command      : upgrade_ip
| Device       : xczu3eg-sbva484-1-i
---------------------------------------------------------------------------------------------------------------------------------------------

Upgrade Log for IP 'design_1_riscv_soc_axi_wrapper_0_1'

1. Summary
----------

SUCCESS in the update of design_1_riscv_soc_axi_wrapper_0_1 (xilinx.com:user:riscv_soc_axi_wrapper:1.0 (Rev. 1)) to current project options.






Copyright 1986-2022 Xilinx, Inc. All Rights Reserved. Copyright 2022-2024 Advanced Micro Devices, Inc. All Rights Reserved.
---------------------------------------------------------------------------------------------------------------------------------------------
| Tool Version : Vivado v.2024.1 (win64) Build 5076996 Wed May 22 18:37:14 MDT 2024
| Date         : Mon Apr  6 14:00:07 2026
| Host         : DESKTOP-U0V267S running 64-bit major release  (build 9200)
| Command      : upgrade_ip
| Device       : xczu3eg-sbva484-1-i
---------------------------------------------------------------------------------------------------------------------------------------------

Upgrade Log for IP 'design_1_riscv_soc_axi_wrapper_0_1'

1. Summary
----------

SUCCESS in the upgrade of design_1_riscv_soc_axi_wrapper_0_1 (xilinx.com:user:riscv_soc_axi_wrapper:1.0) from (Rev. 2) to (Rev. 1)






Copyright 1986-2022 Xilinx, Inc. All Rights Reserved. Copyright 2022-2024 Advanced Micro Devices, Inc. All Rights Reserved.
---------------------------------------------------------------------------------------------------------------------------------------------
| Tool Version : Vivado v.2024.1 (win64) Build 5076996 Wed May 22 18:37:14 MDT 2024
| Date         : Mon Apr  6 09:57:47 2026
| Host         : DESKTOP-U0V267S running 64-bit major release  (build 9200)
| Command      : upgrade_ip
| Device       : xczu3eg-sbva484-1-i
---------------------------------------------------------------------------------------------------------------------------------------------

Upgrade Log for IP 'design_1_riscv_soc_axi_wrapper_0_1'

1. Summary
----------

SUCCESS in the upgrade of design_1_riscv_soc_axi_wrapper_0_1 (xilinx.com:user:riscv_soc_axi_wrapper:1.0) from (Rev. 1) to (Rev. 2)






Copyright 1986-2022 Xilinx, Inc. All Rights Reserved. Copyright 2022-2024 Advanced Micro Devices, Inc. All Rights Reserved.
---------------------------------------------------------------------------------------------------------------------------------------------
| Tool Version : Vivado v.2024.1 (win64) Build 5076996 Wed May 22 18:37:14 MDT 2024
| Date         : Sun Apr  5 18:07:05 2026
| Host         : DESKTOP-U0V267S running 64-bit major release  (build 9200)
| Command      : upgrade_ip
| Device       : xczu3eg-sbva484-1-i
---------------------------------------------------------------------------------------------------------------------------------------------

Upgrade Log for IP 'design_1_riscv_soc_axi_wrapper_0_1'

1. Summary
----------

SUCCESS in the update of design_1_riscv_soc_axi_wrapper_0_1 (xilinx.com:user:riscv_soc_axi_wrapper:1.0 (Rev. 1)) to current project options.






Copyright 1986-2022 Xilinx, Inc. All Rights Reserved. Copyright 2022-2024 Advanced Micro Devices, Inc. All Rights Reserved.
---------------------------------------------------------------------------------------------------------------------------------------------
| Tool Version : Vivado v.2024.1 (win64) Build 5076996 Wed May 22 18:37:14 MDT 2024
| Date         : Fri Apr  3 18:12:49 2026
| Host         : DESKTOP-U0V267S running 64-bit major release  (build 9200)
| Command      : upgrade_ip
| Device       : xczu3eg-sbva484-1-i
---------------------------------------------------------------------------------------------------------------------------------------------

Upgrade Log for IP 'design_1_riscv_soc_boot_top_0_0'

1. Summary
----------

SUCCESS in the update of design_1_riscv_soc_boot_top_0_0 (xilinx.com:user:riscv_soc_boot_top:1.0 (Rev. 1)) to current project options.

