Copyright 1986-2022 Xilinx, Inc. All Rights Reserved. Copyright 2022-2024 Advanced Micro Devices, Inc. All Rights Reserved.
---------------------------------------------------------------------------------------------------------------------------------------------
| Tool Version : Vivado v.2024.1 (win64) Build 5076996 Wed May 22 18:37:14 MDT 2024
| Date         : Tue May  5 13:54:40 2026
| Host         : DESKTOP-U0V267S running 64-bit major release  (build 9200)
| Command      : report_control_sets -verbose -file design_1_wrapper_control_sets_placed.rpt
| Design       : design_1_wrapper
| Device       : xczu3eg
---------------------------------------------------------------------------------------------------------------------------------------------

Control Set Information

Table of Contents
-----------------
1. Summary
2. Histogram
3. Flip-Flop Distribution
4. Detailed Control Set Information

1. Summary
----------

+----------------------------------------------------------+-------+
|                          Status                          | Count |
+----------------------------------------------------------+-------+
| Total control sets                                       |   213 |
|    Minimum number of control sets                        |   213 |
|    Addition due to synthesis replication                 |     0 |
|    Addition due to physical synthesis replication        |     0 |
| Unused register locations in slices containing registers |    90 |
+----------------------------------------------------------+-------+
* Control sets can be merged at opt_design using control_set_merge or merge_equivalent_drivers
** Run report_qor_suggestions for automated merging and remapping suggestions


2. Histogram
------------

+--------------------+-------+
|       Fanout       | Count |
+--------------------+-------+
| Total control sets |   213 |
| >= 0 to < 4        |    12 |
| >= 4 to < 6        |     9 |
| >= 6 to < 8        |     6 |
| >= 8 to < 10       |   104 |
| >= 10 to < 12      |     3 |
| >= 12 to < 14      |     1 |
| >= 14 to < 16      |     1 |
| >= 16              |    77 |
+--------------------+-------+
* Control sets can be remapped at either synth_design or opt_design


3. Flip-Flop Distribution
-------------------------

+--------------+-----------------------+------------------------+-----------------+--------------+
| Clock Enable | Synchronous Set/Reset | Asynchronous Set/Reset | Total Registers | Total Slices |
+--------------+-----------------------+------------------------+-----------------+--------------+
| No           | No                    | No                     |             169 |           76 |
| No           | No                    | Yes                    |               8 |            2 |
| No           | Yes                   | No                     |             322 |          116 |
| Yes          | No                    | No                     |             474 |          106 |
| Yes          | No                    | Yes                    |              12 |            3 |
| Yes          | Yes                   | No                     |            2381 |          581 |
+--------------+-----------------------+------------------------+-----------------+--------------+


4. Detailed Control Set Information
-----------------------------------

+-----------------------------------------------------------------------+------------------------------------------------------------------------------------------------------------------------------------------------------------+------------------------------------------------------------------------------------------------------------------------------+------------------+----------------+--------------+
|                              Clock Signal                             |                                                                        Enable Signal                                                                       |                                                       Set/Reset Signal                                                       | Slice Load Count | Bel Load Count | Bels / Slice |
+-----------------------------------------------------------------------+------------------------------------------------------------------------------------------------------------------------------------------------------------+------------------------------------------------------------------------------------------------------------------------------+------------------+----------------+--------------+
|  design_1_i/zynq_ultra_ps_e_0/inst/pl_clk0                            |                                                                                                                                                            | design_1_i/riscv_soc_axi_wrapper_0/U0/u_soc/u_flash_boot/byte_valid_i_1_n_0                                                  |                1 |              2 |         2.00 |
|  design_1_i/zynq_ultra_ps_e_0/inst/pl_clk0                            | design_1_i/axi_interconnect_0/s00_couplers/auto_pc/inst/gen_axilite.gen_b2s_conv.axilite_b2s/WR.b_channel_0/bid_fifo_0/cnt_read[1]_i_1_n_0                 | design_1_i/axi_interconnect_0/s00_couplers/auto_pc/inst/gen_axilite.gen_b2s_conv.axilite_b2s/areset_d1                       |                1 |              2 |         2.00 |
|  design_1_i/zynq_ultra_ps_e_0/inst/pl_clk0                            |                                                                                                                                                            | design_1_i/riscv_soc_axi_wrapper_0/U0/u_soc/u_flash_boot/done_r_i_1__0_n_0                                                   |                2 |              2 |         1.00 |
|  design_1_i/zynq_ultra_ps_e_0/inst/pl_clk0                            |                                                                                                                                                            | design_1_i/riscv_soc_axi_wrapper_0/U0/u_soc/u_flash_boot/imem_we_r_i_1__0_n_0                                                |                2 |              2 |         1.00 |
|  design_1_i/zynq_ultra_ps_e_0/inst/pl_clk0                            |                                                                                                                                                            | design_1_i/riscv_soc_axi_wrapper_0/U0/axi_awready_int_i_1_n_0                                                                |                1 |              2 |         2.00 |
|  design_1_i/zynq_ultra_ps_e_0/inst/pl_clk0                            | design_1_i/axi_interconnect_0/s00_couplers/auto_pc/inst/gen_axilite.gen_b2s_conv.axilite_b2s/WR.b_channel_0/bid_fifo_0/shandshake_r_reg[0]                 | design_1_i/axi_interconnect_0/s00_couplers/auto_pc/inst/gen_axilite.gen_b2s_conv.axilite_b2s/areset_d1                       |                1 |              2 |         2.00 |
|  design_1_i/zynq_ultra_ps_e_0/inst/pl_clk0                            | design_1_i/riscv_soc_axi_wrapper_0/U0/u_soc/u_tx/FSM_sequential_st[1]_i_1_n_0                                                                              | design_1_i/riscv_soc_axi_wrapper_0/U0/u_soc/u_uart_boot/SR[0]                                                                |                1 |              2 |         2.00 |
|  design_1_i/zynq_ultra_ps_e_0/inst/pl_clk0                            | design_1_i/riscv_soc_axi_wrapper_0/U0/u_soc/u_rx/FSM_sequential_st[1]_i_2_n_0                                                                              | design_1_i/riscv_soc_axi_wrapper_0/U0/u_soc/u_uart_boot/SR[0]                                                                |                1 |              2 |         2.00 |
|  design_1_i/zynq_ultra_ps_e_0/inst/pl_clk0                            | design_1_i/riscv_soc_axi_wrapper_0/U0/u_soc/u_flash_boot/bit_idx                                                                                           | design_1_i/riscv_soc_axi_wrapper_0/U0/u_soc/u_flash_boot/byte_valid_i_1_n_0                                                  |                1 |              3 |         3.00 |
|  design_1_i/zynq_ultra_ps_e_0/inst/pl_clk0                            | design_1_i/riscv_soc_axi_wrapper_0/U0/cpu_enable_reg                                                                                                       | design_1_i/rst_ps8_0_99M/U0/peripheral_aresetn[0]                                                                            |                1 |              3 |         3.00 |
|  design_1_i/zynq_ultra_ps_e_0/inst/pl_clk0                            | design_1_i/riscv_soc_axi_wrapper_0/U0/u_soc/u_tx/bit_cnt                                                                                                   | design_1_i/riscv_soc_axi_wrapper_0/U0/u_soc/u_uart_boot/SR[0]                                                                |                1 |              3 |         3.00 |
|  design_1_i/zynq_ultra_ps_e_0/inst/pl_clk0                            | design_1_i/riscv_soc_axi_wrapper_0/U0/u_soc/u_rx/bitidx                                                                                                    | design_1_i/riscv_soc_axi_wrapper_0/U0/u_soc/u_uart_boot/SR[0]                                                                |                2 |              3 |         1.50 |
| ~design_1_i/riscv_soc_axi_wrapper_0/U0/u_soc/u_flash_boot/sck_r_reg_0 | design_1_i/riscv_soc_axi_wrapper_0/U0/u_fake_flash/read_bit[2]_i_1_n_0                                                                                     | design_1_i/riscv_soc_axi_wrapper_0/U0/u_soc/u_flash_boot/AR[0]                                                               |                1 |              4 |         4.00 |
|  design_1_i/zynq_ultra_ps_e_0/inst/pl_clk0                            | design_1_i/riscv_soc_axi_wrapper_0/U0/u_soc/u_flash_boot/FSM_sequential_boot_state[3]_i_2_n_0                                                              | design_1_i/riscv_soc_axi_wrapper_0/U0/u_soc/u_flash_boot/FSM_sequential_boot_state[3]_i_1_n_0                                |                2 |              4 |         2.00 |
|  design_1_i/zynq_ultra_ps_e_0/inst/pl_clk0                            | design_1_i/riscv_soc_axi_wrapper_0/U0/uart_inject_rx                                                                                                       | design_1_i/riscv_soc_axi_wrapper_0/U0/uart_div_count                                                                         |                1 |              4 |         4.00 |
|  design_1_i/zynq_ultra_ps_e_0/inst/pl_clk0                            |                                                                                                                                                            | design_1_i/rst_ps8_0_99M/U0/EXT_LPF/lpf_int                                                                                  |                2 |              4 |         2.00 |
|  design_1_i/zynq_ultra_ps_e_0/inst/pl_clk0                            | design_1_i/axi_interconnect_0/s00_couplers/auto_pc/inst/gen_axilite.gen_b2s_conv.axilite_b2s/RD.r_channel_0/transaction_fifo_0/cnt_read[4]_i_1_n_0         | design_1_i/axi_interconnect_0/s00_couplers/auto_pc/inst/gen_axilite.gen_b2s_conv.axilite_b2s/areset_d1                       |                2 |              5 |         2.50 |
|  design_1_i/zynq_ultra_ps_e_0/inst/pl_clk0                            | design_1_i/axi_interconnect_0/s00_couplers/auto_pc/inst/gen_axilite.gen_b2s_conv.axilite_b2s/WR.aw_channel_0/aw_cmd_fsm_0/m_valid_i_reg_2[0]               |                                                                                                                              |                1 |              5 |         5.00 |
|  design_1_i/zynq_ultra_ps_e_0/inst/pl_clk0                            |                                                                                                                                                            | design_1_i/riscv_soc_axi_wrapper_0/U0/uart_inject_start                                                                      |                2 |              5 |         2.50 |
|  design_1_i/zynq_ultra_ps_e_0/inst/pl_clk0                            | design_1_i/axi_interconnect_0/s00_couplers/auto_pc/inst/gen_axilite.gen_b2s_conv.axilite_b2s/RD.ar_channel_0/ar_cmd_fsm_0/m_valid_i_reg_0[0]               |                                                                                                                              |                2 |              5 |         2.50 |
|  design_1_i/zynq_ultra_ps_e_0/inst/pl_clk0                            | design_1_i/axi_interconnect_0/s00_couplers/auto_pc/inst/gen_axilite.gen_b2s_conv.axilite_b2s/RD.r_channel_0/rd_data_fifo_0/cnt_read[4]_i_1__0_n_0          | design_1_i/axi_interconnect_0/s00_couplers/auto_pc/inst/gen_axilite.gen_b2s_conv.axilite_b2s/areset_d1                       |                2 |              5 |         2.50 |
|  design_1_i/zynq_ultra_ps_e_0/inst/pl_clk0                            | design_1_i/rst_ps8_0_99M/U0/SEQ/seq_cnt_en                                                                                                                 | design_1_i/rst_ps8_0_99M/U0/SEQ/seq_clr                                                                                      |                2 |              6 |         3.00 |
|  design_1_i/zynq_ultra_ps_e_0/inst/pl_clk0                            |                                                                                                                                                            | design_1_i/axi_interconnect_0/s00_couplers/auto_pc/inst/gen_axilite.gen_b2s_conv.axilite_b2s/areset_d1                       |                4 |              6 |         1.50 |
|  design_1_i/zynq_ultra_ps_e_0/inst/pl_clk0                            | design_1_i/riscv_soc_axi_wrapper_0/U0/awaddr_int[7]_i_1_n_0                                                                                                |                                                                                                                              |                3 |              6 |         2.00 |
|  design_1_i/zynq_ultra_ps_e_0/inst/pl_clk0                            | design_1_i/riscv_soc_axi_wrapper_0/U0/axi_arready_int0                                                                                                     | design_1_i/rst_ps8_0_99M/U0/peripheral_aresetn[0]                                                                            |                2 |              6 |         3.00 |
|  design_1_i/zynq_ultra_ps_e_0/inst/pl_clk0                            | design_1_i/riscv_soc_axi_wrapper_0/U0/u_soc/u_flash_boot/FSM_onehot_spi_state[5]_i_2_n_0                                                                   | design_1_i/riscv_soc_axi_wrapper_0/U0/u_soc/u_flash_boot/byte_valid1                                                         |                1 |              6 |         6.00 |
|  design_1_i/zynq_ultra_ps_e_0/inst/pl_clk0                            |                                                                                                                                                            | design_1_i/riscv_soc_axi_wrapper_0/U0/u_soc/u_flash_boot/div_cnt[6]_i_1__0_n_0                                               |                1 |              7 |         7.00 |
| ~design_1_i/riscv_soc_axi_wrapper_0/U0/u_soc/u_flash_boot/sck_r_reg_0 |                                                                                                                                                            | design_1_i/riscv_soc_axi_wrapper_0/U0/u_soc/u_flash_boot/AR[0]                                                               |                2 |              8 |         4.00 |
| ~design_1_i/riscv_soc_axi_wrapper_0/U0/u_soc/u_flash_boot/sck_r_reg_0 | design_1_i/riscv_soc_axi_wrapper_0/U0/u_fake_flash/read_index                                                                                              | design_1_i/riscv_soc_axi_wrapper_0/U0/u_soc/u_flash_boot/AR[0]                                                               |                2 |              8 |         4.00 |
|  design_1_i/zynq_ultra_ps_e_0/inst/pl_clk0                            | design_1_i/riscv_soc_axi_wrapper_0/U0/u_soc/u_flash_boot/dmem_we_pulse_reg_19                                                                              |                                                                                                                              |                1 |              8 |         8.00 |
|  design_1_i/zynq_ultra_ps_e_0/inst/pl_clk0                            | design_1_i/riscv_soc_axi_wrapper_0/U0/u_soc/u_flash_boot/dmem_we_pulse_reg_22                                                                              |                                                                                                                              |                1 |              8 |         8.00 |
|  design_1_i/zynq_ultra_ps_e_0/inst/pl_clk0                            | design_1_i/riscv_soc_axi_wrapper_0/U0/u_soc/u_flash_boot/dmem_we_pulse_reg_30                                                                              |                                                                                                                              |                1 |              8 |         8.00 |
|  design_1_i/zynq_ultra_ps_e_0/inst/pl_clk0                            |                                                                                                                                                            | design_1_i/riscv_soc_axi_wrapper_0/U0/u_soc/u_flash_boot/byte_valid1                                                         |                4 |              8 |         2.00 |
|  design_1_i/zynq_ultra_ps_e_0/inst/pl_clk0                            | design_1_i/riscv_soc_axi_wrapper_0/U0/u_soc/u_flash_boot/dmem_we_pulse_reg_25                                                                              |                                                                                                                              |                1 |              8 |         8.00 |
|  design_1_i/zynq_ultra_ps_e_0/inst/pl_clk0                            | design_1_i/riscv_soc_axi_wrapper_0/U0/u_soc/u_flash_boot/dmem_we_pulse_reg_36                                                                              |                                                                                                                              |                1 |              8 |         8.00 |
|  design_1_i/zynq_ultra_ps_e_0/inst/pl_clk0                            | design_1_i/riscv_soc_axi_wrapper_0/U0/u_soc/u_flash_boot/dmem_we_pulse_reg_20                                                                              |                                                                                                                              |                1 |              8 |         8.00 |
|  design_1_i/zynq_ultra_ps_e_0/inst/pl_clk0                            | design_1_i/riscv_soc_axi_wrapper_0/U0/u_soc/u_flash_boot/dmem_we_pulse_reg_15                                                                              |                                                                                                                              |                1 |              8 |         8.00 |
|  design_1_i/zynq_ultra_ps_e_0/inst/pl_clk0                            | design_1_i/riscv_soc_axi_wrapper_0/U0/u_soc/u_flash_boot/dmem_we_pulse_reg_1                                                                               |                                                                                                                              |                1 |              8 |         8.00 |
|  design_1_i/zynq_ultra_ps_e_0/inst/pl_clk0                            | design_1_i/riscv_soc_axi_wrapper_0/U0/u_soc/u_flash_boot/dmem_we_pulse_reg_23                                                                              |                                                                                                                              |                1 |              8 |         8.00 |
|  design_1_i/zynq_ultra_ps_e_0/inst/pl_clk0                            | design_1_i/riscv_soc_axi_wrapper_0/U0/u_soc/u_flash_boot/dmem_we_pulse_reg_13                                                                              |                                                                                                                              |                1 |              8 |         8.00 |
|  design_1_i/zynq_ultra_ps_e_0/inst/pl_clk0                            | design_1_i/riscv_soc_axi_wrapper_0/U0/u_soc/u_flash_boot/dmem_we_pulse_reg_11                                                                              |                                                                                                                              |                1 |              8 |         8.00 |
|  design_1_i/zynq_ultra_ps_e_0/inst/pl_clk0                            | design_1_i/riscv_soc_axi_wrapper_0/U0/u_soc/u_flash_boot/dmem_we_pulse_reg_12                                                                              |                                                                                                                              |                1 |              8 |         8.00 |
|  design_1_i/zynq_ultra_ps_e_0/inst/pl_clk0                            | design_1_i/riscv_soc_axi_wrapper_0/U0/u_soc/u_flash_boot/dmem_we_pulse_reg_16                                                                              |                                                                                                                              |                1 |              8 |         8.00 |
|  design_1_i/zynq_ultra_ps_e_0/inst/pl_clk0                            | design_1_i/riscv_soc_axi_wrapper_0/U0/u_soc/u_flash_boot/dmem_we_pulse_reg_18                                                                              |                                                                                                                              |                1 |              8 |         8.00 |
|  design_1_i/zynq_ultra_ps_e_0/inst/pl_clk0                            | design_1_i/riscv_soc_axi_wrapper_0/U0/u_soc/u_flash_boot/dmem_we_pulse_reg_37                                                                              |                                                                                                                              |                1 |              8 |         8.00 |
|  design_1_i/zynq_ultra_ps_e_0/inst/pl_clk0                            | design_1_i/riscv_soc_axi_wrapper_0/U0/u_soc/u_flash_boot/dmem_we_pulse_reg_24                                                                              |                                                                                                                              |                1 |              8 |         8.00 |
|  design_1_i/zynq_ultra_ps_e_0/inst/pl_clk0                            | design_1_i/riscv_soc_axi_wrapper_0/U0/u_soc/u_flash_boot/dmem_we_pulse_reg_26                                                                              |                                                                                                                              |                1 |              8 |         8.00 |
|  design_1_i/zynq_ultra_ps_e_0/inst/pl_clk0                            | design_1_i/riscv_soc_axi_wrapper_0/U0/u_soc/u_flash_boot/dmem_we_pulse_reg_31                                                                              |                                                                                                                              |                1 |              8 |         8.00 |
|  design_1_i/zynq_ultra_ps_e_0/inst/pl_clk0                            | design_1_i/riscv_soc_axi_wrapper_0/U0/u_soc/u_flash_boot/dmem_we_pulse_reg_76                                                                              |                                                                                                                              |                1 |              8 |         8.00 |
|  design_1_i/zynq_ultra_ps_e_0/inst/pl_clk0                            | design_1_i/riscv_soc_axi_wrapper_0/U0/u_soc/u_flash_boot/dmem_we_pulse_reg_57                                                                              |                                                                                                                              |                1 |              8 |         8.00 |
|  design_1_i/zynq_ultra_ps_e_0/inst/pl_clk0                            | design_1_i/riscv_soc_axi_wrapper_0/U0/u_soc/u_flash_boot/dmem_we_pulse_reg_65                                                                              |                                                                                                                              |                1 |              8 |         8.00 |
|  design_1_i/zynq_ultra_ps_e_0/inst/pl_clk0                            | design_1_i/riscv_soc_axi_wrapper_0/U0/u_soc/u_flash_boot/dmem_we_pulse_reg_9                                                                               |                                                                                                                              |                1 |              8 |         8.00 |
|  design_1_i/zynq_ultra_ps_e_0/inst/pl_clk0                            | design_1_i/riscv_soc_axi_wrapper_0/U0/u_soc/u_flash_boot/dmem_we_pulse_reg_53                                                                              |                                                                                                                              |                1 |              8 |         8.00 |
|  design_1_i/zynq_ultra_ps_e_0/inst/pl_clk0                            | design_1_i/riscv_soc_axi_wrapper_0/U0/u_soc/u_flash_boot/dmem_we_pulse_reg_67                                                                              |                                                                                                                              |                1 |              8 |         8.00 |
|  design_1_i/zynq_ultra_ps_e_0/inst/pl_clk0                            | design_1_i/riscv_soc_axi_wrapper_0/U0/u_soc/u_flash_boot/dmem_we_pulse_reg_55                                                                              |                                                                                                                              |                1 |              8 |         8.00 |
|  design_1_i/zynq_ultra_ps_e_0/inst/pl_clk0                            | design_1_i/riscv_soc_axi_wrapper_0/U0/u_soc/u_flash_boot/dmem_we_pulse_reg_6                                                                               |                                                                                                                              |                1 |              8 |         8.00 |
|  design_1_i/zynq_ultra_ps_e_0/inst/pl_clk0                            | design_1_i/riscv_soc_axi_wrapper_0/U0/u_soc/u_flash_boot/dmem_we_pulse_reg_62                                                                              |                                                                                                                              |                1 |              8 |         8.00 |
|  design_1_i/zynq_ultra_ps_e_0/inst/pl_clk0                            | design_1_i/riscv_soc_axi_wrapper_0/U0/u_soc/u_flash_boot/dmem_we_pulse_reg_63                                                                              |                                                                                                                              |                1 |              8 |         8.00 |
|  design_1_i/zynq_ultra_ps_e_0/inst/pl_clk0                            | design_1_i/riscv_soc_axi_wrapper_0/U0/u_soc/u_flash_boot/dmem_we_pulse_reg_68                                                                              |                                                                                                                              |                1 |              8 |         8.00 |
|  design_1_i/zynq_ultra_ps_e_0/inst/pl_clk0                            | design_1_i/riscv_soc_axi_wrapper_0/U0/u_soc/u_flash_boot/dmem_we_pulse_reg_69                                                                              |                                                                                                                              |                1 |              8 |         8.00 |
|  design_1_i/zynq_ultra_ps_e_0/inst/pl_clk0                            | design_1_i/riscv_soc_axi_wrapper_0/U0/u_soc/u_flash_boot/dmem_we_pulse_reg_60                                                                              |                                                                                                                              |                1 |              8 |         8.00 |
|  design_1_i/zynq_ultra_ps_e_0/inst/pl_clk0                            | design_1_i/riscv_soc_axi_wrapper_0/U0/u_soc/u_flash_boot/dmem_we_pulse_reg_70                                                                              |                                                                                                                              |                1 |              8 |         8.00 |
|  design_1_i/zynq_ultra_ps_e_0/inst/pl_clk0                            | design_1_i/riscv_soc_axi_wrapper_0/U0/u_soc/u_flash_boot/dmem_we_pulse_reg_74                                                                              |                                                                                                                              |                1 |              8 |         8.00 |
|  design_1_i/zynq_ultra_ps_e_0/inst/pl_clk0                            | design_1_i/riscv_soc_axi_wrapper_0/U0/u_soc/u_flash_boot/dmem_we_pulse_reg_54                                                                              |                                                                                                                              |                1 |              8 |         8.00 |
|  design_1_i/zynq_ultra_ps_e_0/inst/pl_clk0                            | design_1_i/riscv_soc_axi_wrapper_0/U0/u_soc/u_flash_boot/dmem_we_pulse_reg_61                                                                              |                                                                                                                              |                1 |              8 |         8.00 |
|  design_1_i/zynq_ultra_ps_e_0/inst/pl_clk0                            | design_1_i/riscv_soc_axi_wrapper_0/U0/u_soc/u_flash_boot/dmem_we_pulse_reg_56                                                                              |                                                                                                                              |                1 |              8 |         8.00 |
|  design_1_i/zynq_ultra_ps_e_0/inst/pl_clk0                            | design_1_i/riscv_soc_axi_wrapper_0/U0/u_soc/u_flash_boot/dmem_we_pulse_reg_77                                                                              |                                                                                                                              |                1 |              8 |         8.00 |
|  design_1_i/zynq_ultra_ps_e_0/inst/pl_clk0                            | design_1_i/riscv_soc_axi_wrapper_0/U0/u_soc/u_flash_boot/dmem_we_pulse_reg_52                                                                              |                                                                                                                              |                1 |              8 |         8.00 |
|  design_1_i/zynq_ultra_ps_e_0/inst/pl_clk0                            | design_1_i/riscv_soc_axi_wrapper_0/U0/u_soc/u_flash_boot/dmem_we_pulse_reg_58                                                                              |                                                                                                                              |                1 |              8 |         8.00 |
|  design_1_i/zynq_ultra_ps_e_0/inst/pl_clk0                            | design_1_i/riscv_soc_axi_wrapper_0/U0/u_soc/u_flash_boot/dmem_we_pulse_reg_75                                                                              |                                                                                                                              |                1 |              8 |         8.00 |
|  design_1_i/zynq_ultra_ps_e_0/inst/pl_clk0                            | design_1_i/riscv_soc_axi_wrapper_0/U0/u_soc/u_flash_boot/dmem_we_pulse_reg_8                                                                               |                                                                                                                              |                1 |              8 |         8.00 |
|  design_1_i/zynq_ultra_ps_e_0/inst/pl_clk0                            | design_1_i/riscv_soc_axi_wrapper_0/U0/u_soc/u_flash_boot/dmem_we_pulse_reg_59                                                                              |                                                                                                                              |                1 |              8 |         8.00 |
|  design_1_i/zynq_ultra_ps_e_0/inst/pl_clk0                            | design_1_i/riscv_soc_axi_wrapper_0/U0/u_soc/u_flash_boot/dmem_we_pulse_reg_7                                                                               |                                                                                                                              |                1 |              8 |         8.00 |
|  design_1_i/zynq_ultra_ps_e_0/inst/pl_clk0                            | design_1_i/riscv_soc_axi_wrapper_0/U0/u_soc/u_flash_boot/dmem_we_pulse_reg_71                                                                              |                                                                                                                              |                1 |              8 |         8.00 |
|  design_1_i/zynq_ultra_ps_e_0/inst/pl_clk0                            | design_1_i/axi_interconnect_0/s00_couplers/auto_pc/inst/gen_axilite.gen_b2s_conv.axilite_b2s/RD.ar_channel_0/ar_cmd_fsm_0/E[0]                             |                                                                                                                              |                4 |              8 |         2.00 |
|  design_1_i/zynq_ultra_ps_e_0/inst/pl_clk0                            | design_1_i/axi_interconnect_0/s00_couplers/auto_pc/inst/gen_axilite.gen_b2s_conv.axilite_b2s/RD.ar_channel_0/ar_cmd_fsm_0/m_valid_i_reg_2[0]               |                                                                                                                              |                4 |              8 |         2.00 |
|  design_1_i/zynq_ultra_ps_e_0/inst/pl_clk0                            | design_1_i/axi_interconnect_0/s00_couplers/auto_pc/inst/gen_axilite.gen_b2s_conv.axilite_b2s/RD.ar_channel_0/ar_cmd_fsm_0/sel_first_reg[0]                 |                                                                                                                              |                2 |              8 |         4.00 |
|  design_1_i/zynq_ultra_ps_e_0/inst/pl_clk0                            | design_1_i/axi_interconnect_0/s00_couplers/auto_pc/inst/gen_axilite.gen_b2s_conv.axilite_b2s/RD.ar_channel_0/ar_cmd_fsm_0/m_valid_i_reg_1[0]               |                                                                                                                              |                4 |              8 |         2.00 |
|  design_1_i/zynq_ultra_ps_e_0/inst/pl_clk0                            | design_1_i/riscv_soc_axi_wrapper_0/U0/u_soc/u_flash_boot/dmem_we_pulse_reg_72                                                                              |                                                                                                                              |                1 |              8 |         8.00 |
|  design_1_i/zynq_ultra_ps_e_0/inst/pl_clk0                            | design_1_i/riscv_soc_axi_wrapper_0/U0/u_soc/u_flash_boot/dmem_we_pulse_reg_73                                                                              |                                                                                                                              |                1 |              8 |         8.00 |
|  design_1_i/zynq_ultra_ps_e_0/inst/pl_clk0                            | design_1_i/riscv_soc_axi_wrapper_0/U0/u_soc/u_flash_boot/dmem_we_pulse_reg_64                                                                              |                                                                                                                              |                1 |              8 |         8.00 |
|  design_1_i/zynq_ultra_ps_e_0/inst/pl_clk0                            | design_1_i/riscv_soc_axi_wrapper_0/U0/u_soc/u_flash_boot/dmem_we_pulse_reg_78                                                                              |                                                                                                                              |                1 |              8 |         8.00 |
|  design_1_i/zynq_ultra_ps_e_0/inst/pl_clk0                            | design_1_i/riscv_soc_axi_wrapper_0/U0/u_soc/u_flash_boot/dmem_len[16]                                                                                      | design_1_i/riscv_soc_axi_wrapper_0/U0/u_soc/u_flash_boot/FSM_sequential_boot_state[3]_i_1_n_0                                |                3 |              8 |         2.67 |
|  design_1_i/zynq_ultra_ps_e_0/inst/pl_clk0                            | design_1_i/riscv_soc_axi_wrapper_0/U0/u_soc/u_flash_boot/dmem_len[8]                                                                                       | design_1_i/riscv_soc_axi_wrapper_0/U0/u_soc/u_flash_boot/FSM_sequential_boot_state[3]_i_1_n_0                                |                4 |              8 |         2.00 |
|  design_1_i/zynq_ultra_ps_e_0/inst/pl_clk0                            | design_1_i/riscv_soc_axi_wrapper_0/U0/u_soc/u_flash_boot/dmem_len[0]                                                                                       | design_1_i/riscv_soc_axi_wrapper_0/U0/u_soc/u_flash_boot/FSM_sequential_boot_state[3]_i_1_n_0                                |                3 |              8 |         2.67 |
|  design_1_i/zynq_ultra_ps_e_0/inst/pl_clk0                            | design_1_i/axi_interconnect_0/s00_couplers/auto_pc/inst/gen_axilite.gen_b2s_conv.axilite_b2s/WR.b_channel_0/mhandshake_r                                   | design_1_i/axi_interconnect_0/s00_couplers/auto_pc/inst/gen_axilite.gen_b2s_conv.axilite_b2s/WR.b_channel_0/bid_fifo_0/SR[0] |                2 |              8 |         4.00 |
|  design_1_i/zynq_ultra_ps_e_0/inst/pl_clk0                            | design_1_i/riscv_soc_axi_wrapper_0/U0/u_soc/u_flash_boot/dmem_len[24]                                                                                      | design_1_i/riscv_soc_axi_wrapper_0/U0/u_soc/u_flash_boot/FSM_sequential_boot_state[3]_i_1_n_0                                |                1 |              8 |         8.00 |
|  design_1_i/zynq_ultra_ps_e_0/inst/pl_clk0                            | design_1_i/riscv_soc_axi_wrapper_0/U0/u_soc/u_flash_boot/imem_len[0]                                                                                       | design_1_i/riscv_soc_axi_wrapper_0/U0/u_soc/u_flash_boot/FSM_sequential_boot_state[3]_i_1_n_0                                |                2 |              8 |         4.00 |
|  design_1_i/zynq_ultra_ps_e_0/inst/pl_clk0                            | design_1_i/riscv_soc_axi_wrapper_0/U0/u_soc/u_flash_boot/imem_len[24]                                                                                      | design_1_i/riscv_soc_axi_wrapper_0/U0/u_soc/u_flash_boot/FSM_sequential_boot_state[3]_i_1_n_0                                |                1 |              8 |         8.00 |
|  design_1_i/zynq_ultra_ps_e_0/inst/pl_clk0                            | design_1_i/riscv_soc_axi_wrapper_0/U0/u_soc/u_flash_boot/imem_len[8]                                                                                       | design_1_i/riscv_soc_axi_wrapper_0/U0/u_soc/u_flash_boot/FSM_sequential_boot_state[3]_i_1_n_0                                |                1 |              8 |         8.00 |
|  design_1_i/zynq_ultra_ps_e_0/inst/pl_clk0                            | design_1_i/riscv_soc_axi_wrapper_0/U0/uart_shift                                                                                                           | design_1_i/rst_ps8_0_99M/U0/peripheral_aresetn[0]                                                                            |                1 |              8 |         8.00 |
|  design_1_i/zynq_ultra_ps_e_0/inst/pl_clk0                            | design_1_i/riscv_soc_axi_wrapper_0/U0/uart_inject_data                                                                                                     |                                                                                                                              |                1 |              8 |         8.00 |
|  design_1_i/zynq_ultra_ps_e_0/inst/pl_clk0                            | design_1_i/riscv_soc_axi_wrapper_0/U0/u_soc/u_flash_boot/imem_len[16]                                                                                      | design_1_i/riscv_soc_axi_wrapper_0/U0/u_soc/u_flash_boot/FSM_sequential_boot_state[3]_i_1_n_0                                |                1 |              8 |         8.00 |
|  design_1_i/zynq_ultra_ps_e_0/inst/pl_clk0                            | design_1_i/axi_interconnect_0/s00_couplers/auto_pc/inst/gen_axilite.gen_b2s_conv.axilite_b2s/WR.aw_channel_0/aw_cmd_fsm_0/E[0]                             |                                                                                                                              |                5 |              8 |         1.60 |
|  design_1_i/zynq_ultra_ps_e_0/inst/pl_clk0                            | design_1_i/axi_interconnect_0/s00_couplers/auto_pc/inst/gen_axilite.gen_b2s_conv.axilite_b2s/WR.aw_channel_0/aw_cmd_fsm_0/FSM_sequential_state_reg[0]_1[0] |                                                                                                                              |                5 |              8 |         1.60 |
|  design_1_i/zynq_ultra_ps_e_0/inst/pl_clk0                            | design_1_i/axi_interconnect_0/s00_couplers/auto_pc/inst/gen_axilite.gen_b2s_conv.axilite_b2s/WR.aw_channel_0/aw_cmd_fsm_0/m_valid_i_reg_0[0]               |                                                                                                                              |                3 |              8 |         2.67 |
|  design_1_i/zynq_ultra_ps_e_0/inst/pl_clk0                            | design_1_i/axi_interconnect_0/s00_couplers/auto_pc/inst/gen_axilite.gen_b2s_conv.axilite_b2s/WR.aw_channel_0/aw_cmd_fsm_0/m_valid_i_reg_1[0]               |                                                                                                                              |                4 |              8 |         2.00 |
|  design_1_i/zynq_ultra_ps_e_0/inst/pl_clk0                            | design_1_i/riscv_soc_axi_wrapper_0/U0/u_soc/u_flash_boot/byte_data[7]_i_1_n_0                                                                              |                                                                                                                              |                2 |              8 |         4.00 |
|  design_1_i/zynq_ultra_ps_e_0/inst/pl_clk0                            | design_1_i/riscv_soc_axi_wrapper_0/U0/u_soc/u_rx/rx_data_r                                                                                                 | design_1_i/riscv_soc_axi_wrapper_0/U0/u_soc/u_uart_boot/SR[0]                                                                |                4 |              8 |         2.00 |
|  design_1_i/zynq_ultra_ps_e_0/inst/pl_clk0                            | design_1_i/riscv_soc_axi_wrapper_0/U0/u_soc/u_flash_boot/dmem_we_pulse_reg_2                                                                               |                                                                                                                              |                1 |              8 |         8.00 |
|  design_1_i/zynq_ultra_ps_e_0/inst/pl_clk0                            | design_1_i/riscv_soc_axi_wrapper_0/U0/u_soc/u_flash_boot/dmem_we_pulse_reg_3                                                                               |                                                                                                                              |                1 |              8 |         8.00 |
|  design_1_i/zynq_ultra_ps_e_0/inst/pl_clk0                            | design_1_i/riscv_soc_axi_wrapper_0/U0/u_soc/u_flash_boot/dmem_we_pulse_reg_32                                                                              |                                                                                                                              |                1 |              8 |         8.00 |
|  design_1_i/zynq_ultra_ps_e_0/inst/pl_clk0                            | design_1_i/riscv_soc_axi_wrapper_0/U0/u_soc/u_flash_boot/dmem_we_pulse_reg_33                                                                              |                                                                                                                              |                1 |              8 |         8.00 |
|  design_1_i/zynq_ultra_ps_e_0/inst/pl_clk0                            | design_1_i/riscv_soc_axi_wrapper_0/U0/u_soc/u_flash_boot/dmem_we_pulse_reg                                                                                 |                                                                                                                              |                1 |              8 |         8.00 |
|  design_1_i/zynq_ultra_ps_e_0/inst/pl_clk0                            | design_1_i/riscv_soc_axi_wrapper_0/U0/u_soc/u_flash_boot/dmem_we_pulse_reg_34                                                                              |                                                                                                                              |                1 |              8 |         8.00 |
|  design_1_i/zynq_ultra_ps_e_0/inst/pl_clk0                            | design_1_i/riscv_soc_axi_wrapper_0/U0/u_soc/u_flash_boot/dmem_we_pulse_reg_35                                                                              |                                                                                                                              |                1 |              8 |         8.00 |
|  design_1_i/zynq_ultra_ps_e_0/inst/pl_clk0                            | design_1_i/riscv_soc_axi_wrapper_0/U0/u_soc/u_flash_boot/dmem_we_pulse_reg_66                                                                              |                                                                                                                              |                1 |              8 |         8.00 |
|  design_1_i/zynq_ultra_ps_e_0/inst/pl_clk0                            | design_1_i/riscv_soc_axi_wrapper_0/U0/u_soc/u_flash_boot/dmem_we_pulse_reg_29                                                                              |                                                                                                                              |                1 |              8 |         8.00 |
|  design_1_i/zynq_ultra_ps_e_0/inst/pl_clk0                            | design_1_i/riscv_soc_axi_wrapper_0/U0/u_soc/u_flash_boot/dmem_we_pulse_reg_27                                                                              |                                                                                                                              |                1 |              8 |         8.00 |
|  design_1_i/zynq_ultra_ps_e_0/inst/pl_clk0                            | design_1_i/riscv_soc_axi_wrapper_0/U0/u_soc/u_flash_boot/dmem_we_pulse_reg_38                                                                              |                                                                                                                              |                1 |              8 |         8.00 |
|  design_1_i/zynq_ultra_ps_e_0/inst/pl_clk0                            | design_1_i/riscv_soc_axi_wrapper_0/U0/u_soc/u_flash_boot/dmem_we_pulse_reg_39                                                                              |                                                                                                                              |                1 |              8 |         8.00 |
|  design_1_i/zynq_ultra_ps_e_0/inst/pl_clk0                            | design_1_i/riscv_soc_axi_wrapper_0/U0/u_soc/u_flash_boot/dmem_we_pulse_reg_4                                                                               |                                                                                                                              |                1 |              8 |         8.00 |
|  design_1_i/zynq_ultra_ps_e_0/inst/pl_clk0                            | design_1_i/riscv_soc_axi_wrapper_0/U0/u_soc/u_flash_boot/dmem_we_pulse_reg_41                                                                              |                                                                                                                              |                1 |              8 |         8.00 |
|  design_1_i/zynq_ultra_ps_e_0/inst/pl_clk0                            | design_1_i/riscv_soc_axi_wrapper_0/U0/u_soc/u_flash_boot/dmem_we_pulse_reg_0                                                                               |                                                                                                                              |                1 |              8 |         8.00 |
|  design_1_i/zynq_ultra_ps_e_0/inst/pl_clk0                            | design_1_i/riscv_soc_axi_wrapper_0/U0/u_soc/u_flash_boot/dmem_we_pulse_reg_42                                                                              |                                                                                                                              |                1 |              8 |         8.00 |
|  design_1_i/zynq_ultra_ps_e_0/inst/pl_clk0                            | design_1_i/riscv_soc_axi_wrapper_0/U0/u_soc/u_flash_boot/dmem_we_pulse_reg_43                                                                              |                                                                                                                              |                1 |              8 |         8.00 |
|  design_1_i/zynq_ultra_ps_e_0/inst/pl_clk0                            | design_1_i/riscv_soc_axi_wrapper_0/U0/u_soc/u_flash_boot/dmem_we_pulse_reg_44                                                                              |                                                                                                                              |                1 |              8 |         8.00 |
|  design_1_i/zynq_ultra_ps_e_0/inst/pl_clk0                            | design_1_i/riscv_soc_axi_wrapper_0/U0/u_soc/u_flash_boot/dmem_we_pulse_reg_40                                                                              |                                                                                                                              |                1 |              8 |         8.00 |
|  design_1_i/zynq_ultra_ps_e_0/inst/pl_clk0                            | design_1_i/riscv_soc_axi_wrapper_0/U0/u_soc/u_flash_boot/dmem_we_pulse_reg_45                                                                              |                                                                                                                              |                1 |              8 |         8.00 |
|  design_1_i/zynq_ultra_ps_e_0/inst/pl_clk0                            | design_1_i/riscv_soc_axi_wrapper_0/U0/u_soc/u_flash_boot/dmem_we_pulse_reg_28                                                                              |                                                                                                                              |                1 |              8 |         8.00 |
|  design_1_i/zynq_ultra_ps_e_0/inst/pl_clk0                            | design_1_i/riscv_soc_axi_wrapper_0/U0/u_soc/u_flash_boot/dmem_we_pulse_reg_46                                                                              |                                                                                                                              |                1 |              8 |         8.00 |
|  design_1_i/zynq_ultra_ps_e_0/inst/pl_clk0                            | design_1_i/riscv_soc_axi_wrapper_0/U0/u_soc/u_flash_boot/dmem_we_pulse_reg_47                                                                              |                                                                                                                              |                1 |              8 |         8.00 |
|  design_1_i/zynq_ultra_ps_e_0/inst/pl_clk0                            | design_1_i/riscv_soc_axi_wrapper_0/U0/u_soc/u_flash_boot/dmem_we_pulse_reg_17                                                                              |                                                                                                                              |                1 |              8 |         8.00 |
|  design_1_i/zynq_ultra_ps_e_0/inst/pl_clk0                            | design_1_i/riscv_soc_axi_wrapper_0/U0/u_soc/u_flash_boot/dmem_we_pulse_reg_48                                                                              |                                                                                                                              |                1 |              8 |         8.00 |
|  design_1_i/zynq_ultra_ps_e_0/inst/pl_clk0                            | design_1_i/riscv_soc_axi_wrapper_0/U0/u_soc/u_flash_boot/dmem_we_pulse_reg_49                                                                              |                                                                                                                              |                1 |              8 |         8.00 |
|  design_1_i/zynq_ultra_ps_e_0/inst/pl_clk0                            | design_1_i/riscv_soc_axi_wrapper_0/U0/u_soc/u_flash_boot/dmem_we_pulse_reg_14                                                                              |                                                                                                                              |                1 |              8 |         8.00 |
|  design_1_i/zynq_ultra_ps_e_0/inst/pl_clk0                            | design_1_i/riscv_soc_axi_wrapper_0/U0/u_soc/u_flash_boot/dmem_we_pulse_reg_5                                                                               |                                                                                                                              |                1 |              8 |         8.00 |
|  design_1_i/zynq_ultra_ps_e_0/inst/pl_clk0                            | design_1_i/riscv_soc_axi_wrapper_0/U0/u_soc/u_flash_boot/dmem_we_pulse_reg_50                                                                              |                                                                                                                              |                1 |              8 |         8.00 |
|  design_1_i/zynq_ultra_ps_e_0/inst/pl_clk0                            | design_1_i/riscv_soc_axi_wrapper_0/U0/u_soc/u_flash_boot/dmem_we_pulse_reg_51                                                                              |                                                                                                                              |                1 |              8 |         8.00 |
|  design_1_i/zynq_ultra_ps_e_0/inst/pl_clk0                            | design_1_i/riscv_soc_axi_wrapper_0/U0/u_soc/u_flash_boot/dmem_we_pulse_reg_21                                                                              |                                                                                                                              |                1 |              8 |         8.00 |
|  design_1_i/zynq_ultra_ps_e_0/inst/pl_clk0                            | design_1_i/riscv_soc_axi_wrapper_0/U0/u_soc/u_flash_boot/dmem_we_pulse_reg_10                                                                              |                                                                                                                              |                1 |              8 |         8.00 |
|  design_1_i/zynq_ultra_ps_e_0/inst/pl_clk0                            | design_1_i/riscv_soc_axi_wrapper_0/U0/u_soc/u_rx/cnt                                                                                                       | design_1_i/riscv_soc_axi_wrapper_0/U0/u_soc/u_uart_boot/SR[0]                                                                |                4 |             10 |         2.50 |
|  design_1_i/zynq_ultra_ps_e_0/inst/pl_clk0                            |                                                                                                                                                            | design_1_i/riscv_soc_axi_wrapper_0/U0/uart_div_count[9]_i_1_n_0                                                              |                2 |             10 |         5.00 |
|  design_1_i/zynq_ultra_ps_e_0/inst/pl_clk0                            | design_1_i/riscv_soc_axi_wrapper_0/U0/u_soc/u_cpu/cur_alu_src                                                                                              | design_1_i/riscv_soc_axi_wrapper_0/U0/u_soc/u_flash_boot/cpu_reset_int                                                       |                4 |             11 |         2.75 |
|  design_1_i/zynq_ultra_ps_e_0/inst/pl_clk0                            | design_1_i/riscv_soc_axi_wrapper_0/U0/u_soc/u_uart_boot/FSM_onehot_state[12]_i_1_n_0                                                                       | design_1_i/riscv_soc_axi_wrapper_0/U0/u_soc/u_uart_boot/SR[0]                                                                |                4 |             13 |         3.25 |
|  design_1_i/zynq_ultra_ps_e_0/inst/pl_clk0                            |                                                                                                                                                            | design_1_i/rst_ps8_0_99M/U0/peripheral_aresetn[0]                                                                            |                8 |             14 |         1.75 |
|  design_1_i/zynq_ultra_ps_e_0/inst/pl_clk0                            | design_1_i/axi_interconnect_0/s00_couplers/auto_pc/inst/gen_axilite.gen_b2s_conv.axilite_b2s/SI_REG/b.b_pipe/s_ready_i_reg_0                               |                                                                                                                              |                3 |             16 |         5.33 |
|  design_1_i/zynq_ultra_ps_e_0/inst/pl_clk0                            | design_1_i/axi_interconnect_0/s00_couplers/auto_pc/inst/gen_axilite.gen_b2s_conv.axilite_b2s/SI_REG/b.b_pipe/p_1_in                                        |                                                                                                                              |                3 |             16 |         5.33 |
|  design_1_i/zynq_ultra_ps_e_0/inst/pl_clk0                            | design_1_i/axi_interconnect_0/s00_couplers/auto_pc/inst/gen_axilite.gen_b2s_conv.axilite_b2s/RD.r_channel_0/r_push_r                                       |                                                                                                                              |                3 |             17 |         5.67 |
|  design_1_i/zynq_ultra_ps_e_0/inst/pl_clk0                            | design_1_i/axi_interconnect_0/s00_couplers/auto_pc/inst/gen_axilite.gen_b2s_conv.axilite_b2s/WR.b_channel_0/bid_fifo_0/sel                                 |                                                                                                                              |                2 |             24 |        12.00 |
|  design_1_i/zynq_ultra_ps_e_0/inst/pl_clk0                            | design_1_i/riscv_soc_axi_wrapper_0/U0/u_soc/u_flash_boot/word_index[29]_i_1__0_n_0                                                                         | design_1_i/riscv_soc_axi_wrapper_0/U0/u_soc/u_flash_boot/FSM_sequential_boot_state[3]_i_1_n_0                                |                7 |             30 |         4.29 |
|  design_1_i/zynq_ultra_ps_e_0/inst/pl_clk0                            | design_1_i/riscv_soc_axi_wrapper_0/U0/u_soc/u_uart_boot/word_index[29]_i_1_n_0                                                                             | design_1_i/riscv_soc_axi_wrapper_0/U0/u_soc/u_uart_boot/SR[0]                                                                |                9 |             30 |         3.33 |
|  design_1_i/zynq_ultra_ps_e_0/inst/pl_clk0                            | design_1_i/riscv_soc_axi_wrapper_0/U0/u_soc/u_cpu/regfile_inst/regs[13]_43                                                                                 | design_1_i/riscv_soc_axi_wrapper_0/U0/u_soc/u_flash_boot/cpu_reset_int                                                       |               28 |             32 |         1.14 |
|  design_1_i/zynq_ultra_ps_e_0/inst/pl_clk0                            | design_1_i/riscv_soc_axi_wrapper_0/U0/u_soc/u_cpu/regfile_inst/regs[11]_41                                                                                 | design_1_i/riscv_soc_axi_wrapper_0/U0/u_soc/u_flash_boot/cpu_reset_int                                                       |               30 |             32 |         1.07 |
|  design_1_i/zynq_ultra_ps_e_0/inst/pl_clk0                            | design_1_i/riscv_soc_axi_wrapper_0/U0/u_soc/u_cpu/regfile_inst/regs[12]_42                                                                                 | design_1_i/riscv_soc_axi_wrapper_0/U0/u_soc/u_flash_boot/cpu_reset_int                                                       |               27 |             32 |         1.19 |
|  design_1_i/zynq_ultra_ps_e_0/inst/pl_clk0                            | design_1_i/riscv_soc_axi_wrapper_0/U0/u_soc/u_cpu/regfile_inst/regs[15]_45                                                                                 | design_1_i/riscv_soc_axi_wrapper_0/U0/u_soc/u_flash_boot/cpu_reset_int                                                       |               28 |             32 |         1.14 |
|  design_1_i/zynq_ultra_ps_e_0/inst/pl_clk0                            | design_1_i/riscv_soc_axi_wrapper_0/U0/u_soc/u_cpu/regfile_inst/regs[1]_31                                                                                  | design_1_i/riscv_soc_axi_wrapper_0/U0/u_soc/u_flash_boot/cpu_reset_int                                                       |               27 |             32 |         1.19 |
|  design_1_i/zynq_ultra_ps_e_0/inst/pl_clk0                            | design_1_i/riscv_soc_axi_wrapper_0/U0/u_soc/u_cpu/regfile_inst/regs[20]_50                                                                                 | design_1_i/riscv_soc_axi_wrapper_0/U0/u_soc/u_flash_boot/cpu_reset_int                                                       |               29 |             32 |         1.10 |
|  design_1_i/zynq_ultra_ps_e_0/inst/pl_clk0                            | design_1_i/riscv_soc_axi_wrapper_0/U0/u_soc/u_cpu/regfile_inst/regs[14]_44                                                                                 | design_1_i/riscv_soc_axi_wrapper_0/U0/u_soc/u_flash_boot/cpu_reset_int                                                       |               25 |             32 |         1.28 |
|  design_1_i/zynq_ultra_ps_e_0/inst/pl_clk0                            | design_1_i/riscv_soc_axi_wrapper_0/U0/u_soc/u_cpu/regfile_inst/regs[25]_55                                                                                 | design_1_i/riscv_soc_axi_wrapper_0/U0/u_soc/u_flash_boot/cpu_reset_int                                                       |               25 |             32 |         1.28 |
|  design_1_i/zynq_ultra_ps_e_0/inst/pl_clk0                            | design_1_i/riscv_soc_axi_wrapper_0/U0/u_soc/u_cpu/regfile_inst/regs[26]_56                                                                                 | design_1_i/riscv_soc_axi_wrapper_0/U0/u_soc/u_flash_boot/cpu_reset_int                                                       |               25 |             32 |         1.28 |
|  design_1_i/zynq_ultra_ps_e_0/inst/pl_clk0                            | design_1_i/riscv_soc_axi_wrapper_0/U0/u_soc/u_cpu/regfile_inst/regs[2]_32                                                                                  | design_1_i/riscv_soc_axi_wrapper_0/U0/u_soc/u_flash_boot/cpu_reset_int                                                       |               26 |             32 |         1.23 |
|  design_1_i/zynq_ultra_ps_e_0/inst/pl_clk0                            | design_1_i/riscv_soc_axi_wrapper_0/U0/u_soc/u_cpu/regfile_inst/regs[17]_47                                                                                 | design_1_i/riscv_soc_axi_wrapper_0/U0/u_soc/u_flash_boot/cpu_reset_int                                                       |               28 |             32 |         1.14 |
|  design_1_i/zynq_ultra_ps_e_0/inst/pl_clk0                            | design_1_i/riscv_soc_axi_wrapper_0/U0/u_soc/u_cpu/regfile_inst/regs[18]_48                                                                                 | design_1_i/riscv_soc_axi_wrapper_0/U0/u_soc/u_flash_boot/cpu_reset_int                                                       |               27 |             32 |         1.19 |
|  design_1_i/zynq_ultra_ps_e_0/inst/pl_clk0                            | design_1_i/riscv_soc_axi_wrapper_0/U0/u_soc/u_cpu/regfile_inst/regs[22]_52                                                                                 | design_1_i/riscv_soc_axi_wrapper_0/U0/u_soc/u_flash_boot/cpu_reset_int                                                       |               28 |             32 |         1.14 |
|  design_1_i/zynq_ultra_ps_e_0/inst/pl_clk0                            | design_1_i/riscv_soc_axi_wrapper_0/U0/u_soc/u_cpu/regfile_inst/regs[23]_53                                                                                 | design_1_i/riscv_soc_axi_wrapper_0/U0/u_soc/u_flash_boot/cpu_reset_int                                                       |               25 |             32 |         1.28 |
|  design_1_i/zynq_ultra_ps_e_0/inst/pl_clk0                            | design_1_i/riscv_soc_axi_wrapper_0/U0/u_soc/u_cpu/regfile_inst/regs[27]_57                                                                                 | design_1_i/riscv_soc_axi_wrapper_0/U0/u_soc/u_flash_boot/cpu_reset_int                                                       |               28 |             32 |         1.14 |
|  design_1_i/zynq_ultra_ps_e_0/inst/pl_clk0                            | design_1_i/riscv_soc_axi_wrapper_0/U0/u_soc/u_cpu/regfile_inst/regs[31]_61                                                                                 | design_1_i/riscv_soc_axi_wrapper_0/U0/u_soc/u_flash_boot/cpu_reset_int                                                       |               27 |             32 |         1.19 |
|  design_1_i/zynq_ultra_ps_e_0/inst/pl_clk0                            | design_1_i/riscv_soc_axi_wrapper_0/U0/u_soc/u_cpu/regfile_inst/regs[3]_33                                                                                  | design_1_i/riscv_soc_axi_wrapper_0/U0/u_soc/u_flash_boot/cpu_reset_int                                                       |               29 |             32 |         1.10 |
|  design_1_i/zynq_ultra_ps_e_0/inst/pl_clk0                            | design_1_i/riscv_soc_axi_wrapper_0/U0/u_soc/u_cpu/regfile_inst/regs[4]_34                                                                                  | design_1_i/riscv_soc_axi_wrapper_0/U0/u_soc/u_flash_boot/cpu_reset_int                                                       |               29 |             32 |         1.10 |
|  design_1_i/zynq_ultra_ps_e_0/inst/pl_clk0                            | design_1_i/riscv_soc_axi_wrapper_0/U0/u_soc/u_cpu/regfile_inst/regs[28]_58                                                                                 | design_1_i/riscv_soc_axi_wrapper_0/U0/u_soc/u_flash_boot/cpu_reset_int                                                       |               29 |             32 |         1.10 |
|  design_1_i/zynq_ultra_ps_e_0/inst/pl_clk0                            | design_1_i/riscv_soc_axi_wrapper_0/U0/u_soc/u_cpu/regfile_inst/regs[29]_59                                                                                 | design_1_i/riscv_soc_axi_wrapper_0/U0/u_soc/u_flash_boot/cpu_reset_int                                                       |               26 |             32 |         1.23 |
|  design_1_i/zynq_ultra_ps_e_0/inst/pl_clk0                            | design_1_i/riscv_soc_axi_wrapper_0/U0/u_soc/u_cpu/regfile_inst/regs[5]_35                                                                                  | design_1_i/riscv_soc_axi_wrapper_0/U0/u_soc/u_flash_boot/cpu_reset_int                                                       |               25 |             32 |         1.28 |
|  design_1_i/zynq_ultra_ps_e_0/inst/pl_clk0                            | design_1_i/riscv_soc_axi_wrapper_0/U0/u_soc/u_cpu/regfile_inst/regs[7]_37                                                                                  | design_1_i/riscv_soc_axi_wrapper_0/U0/u_soc/u_flash_boot/cpu_reset_int                                                       |               25 |             32 |         1.28 |
|  design_1_i/zynq_ultra_ps_e_0/inst/pl_clk0                            | design_1_i/riscv_soc_axi_wrapper_0/U0/u_soc/u_cpu/regfile_inst/regs[8]_38                                                                                  | design_1_i/riscv_soc_axi_wrapper_0/U0/u_soc/u_flash_boot/cpu_reset_int                                                       |               24 |             32 |         1.33 |
|  design_1_i/zynq_ultra_ps_e_0/inst/pl_clk0                            | design_1_i/riscv_soc_axi_wrapper_0/U0/u_soc/u_cpu/regfile_inst/regs[9]_39                                                                                  | design_1_i/riscv_soc_axi_wrapper_0/U0/u_soc/u_flash_boot/cpu_reset_int                                                       |               26 |             32 |         1.23 |
|  design_1_i/zynq_ultra_ps_e_0/inst/pl_clk0                            | design_1_i/riscv_soc_axi_wrapper_0/U0/u_soc/u_cpu/regfile_inst/regs[19]_49                                                                                 | design_1_i/riscv_soc_axi_wrapper_0/U0/u_soc/u_flash_boot/cpu_reset_int                                                       |               29 |             32 |         1.10 |
|  design_1_i/zynq_ultra_ps_e_0/inst/pl_clk0                            | design_1_i/riscv_soc_axi_wrapper_0/U0/u_soc/u_cpu/regfile_inst/regs[30]_60                                                                                 | design_1_i/riscv_soc_axi_wrapper_0/U0/u_soc/u_flash_boot/cpu_reset_int                                                       |               25 |             32 |         1.28 |
|  design_1_i/zynq_ultra_ps_e_0/inst/pl_clk0                            | design_1_i/riscv_soc_axi_wrapper_0/U0/u_soc/u_cpu/regfile_inst/regs[6]_36                                                                                  | design_1_i/riscv_soc_axi_wrapper_0/U0/u_soc/u_flash_boot/cpu_reset_int                                                       |               25 |             32 |         1.28 |
|  design_1_i/zynq_ultra_ps_e_0/inst/pl_clk0                            | design_1_i/riscv_soc_axi_wrapper_0/U0/u_soc/u_cpu/regfile_inst/regs[24]_54                                                                                 | design_1_i/riscv_soc_axi_wrapper_0/U0/u_soc/u_flash_boot/cpu_reset_int                                                       |               26 |             32 |         1.23 |
|  design_1_i/zynq_ultra_ps_e_0/inst/pl_clk0                            | design_1_i/riscv_soc_axi_wrapper_0/U0/u_soc/u_cpu/regfile_inst/regs[10]_40                                                                                 | design_1_i/riscv_soc_axi_wrapper_0/U0/u_soc/u_flash_boot/cpu_reset_int                                                       |               28 |             32 |         1.14 |
|  design_1_i/zynq_ultra_ps_e_0/inst/pl_clk0                            | design_1_i/riscv_soc_axi_wrapper_0/U0/u_soc/u_cpu/csr_inst/mepc[31]_i_1_n_0                                                                                | design_1_i/riscv_soc_axi_wrapper_0/U0/u_soc/u_flash_boot/cpu_reset_int                                                       |               18 |             32 |         1.78 |
|  design_1_i/zynq_ultra_ps_e_0/inst/pl_clk0                            | design_1_i/riscv_soc_axi_wrapper_0/U0/u_soc/u_cpu/csr_inst/mie[31]_i_1_n_0                                                                                 | design_1_i/riscv_soc_axi_wrapper_0/U0/u_soc/u_flash_boot/cpu_reset_int                                                       |               27 |             32 |         1.19 |
|  design_1_i/zynq_ultra_ps_e_0/inst/pl_clk0                            | design_1_i/riscv_soc_axi_wrapper_0/U0/u_soc/u_cpu/csr_inst/mtvec[31]_i_1_n_0                                                                               | design_1_i/riscv_soc_axi_wrapper_0/U0/u_soc/u_flash_boot/cpu_reset_int                                                       |               28 |             32 |         1.14 |
|  design_1_i/zynq_ultra_ps_e_0/inst/pl_clk0                            | design_1_i/riscv_soc_axi_wrapper_0/U0/u_soc/u_cpu/csr_inst/wdog_count[31]_i_1_n_0                                                                          | design_1_i/riscv_soc_axi_wrapper_0/U0/u_soc/u_flash_boot/cpu_reset_int                                                       |               25 |             32 |         1.28 |
|  design_1_i/zynq_ultra_ps_e_0/inst/pl_clk0                            | design_1_i/riscv_soc_axi_wrapper_0/U0/u_soc/u_cpu/csr_inst/wdog_reload[31]_i_1_n_0                                                                         | design_1_i/riscv_soc_axi_wrapper_0/U0/u_soc/u_flash_boot/cpu_reset_int                                                       |               27 |             32 |         1.19 |
|  design_1_i/zynq_ultra_ps_e_0/inst/pl_clk0                            | design_1_i/riscv_soc_axi_wrapper_0/U0/u_soc/u_cpu/exec_result[31]_i_1_n_0                                                                                  | design_1_i/riscv_soc_axi_wrapper_0/U0/u_soc/u_flash_boot/cpu_reset_int                                                       |               15 |             32 |         2.13 |
|  design_1_i/zynq_ultra_ps_e_0/inst/pl_clk0                            | design_1_i/riscv_soc_axi_wrapper_0/U0/u_soc/u_cpu/load_data_reg[31]_i_1_n_0                                                                                | design_1_i/riscv_soc_axi_wrapper_0/U0/u_soc/u_flash_boot/cpu_reset_int                                                       |               12 |             32 |         2.67 |
|  design_1_i/zynq_ultra_ps_e_0/inst/pl_clk0                            | design_1_i/riscv_soc_axi_wrapper_0/U0/u_soc/u_cpu/mem_addr_reg[31]_i_1_n_0                                                                                 | design_1_i/riscv_soc_axi_wrapper_0/U0/u_soc/u_flash_boot/cpu_reset_int                                                       |                4 |             32 |         8.00 |
|  design_1_i/zynq_ultra_ps_e_0/inst/pl_clk0                            | design_1_i/riscv_soc_axi_wrapper_0/U0/u_soc/u_cpu/pc[31]_i_1_n_0                                                                                           | design_1_i/riscv_soc_axi_wrapper_0/U0/u_soc/u_flash_boot/cpu_reset_int                                                       |               19 |             32 |         1.68 |
|  design_1_i/zynq_ultra_ps_e_0/inst/pl_clk0                            | design_1_i/riscv_soc_axi_wrapper_0/U0/u_soc/u_cpu/cmp[0]                                                                                                   | design_1_i/riscv_soc_axi_wrapper_0/U0/u_soc/u_uart_boot/SR[0]                                                                |               10 |             32 |         3.20 |
|  design_1_i/zynq_ultra_ps_e_0/inst/pl_clk0                            | design_1_i/riscv_soc_axi_wrapper_0/U0/u_soc/u_cpu/cmp[1]                                                                                                   | design_1_i/riscv_soc_axi_wrapper_0/U0/u_soc/u_uart_boot/SR[0]                                                                |                9 |             32 |         3.56 |
|  design_1_i/zynq_ultra_ps_e_0/inst/pl_clk0                            | design_1_i/riscv_soc_axi_wrapper_0/U0/u_soc/u_cpu/csr_read_reg[31]_i_1_n_0                                                                                 | design_1_i/riscv_soc_axi_wrapper_0/U0/u_soc/u_flash_boot/cpu_reset_int                                                       |               29 |             32 |         1.10 |
|  design_1_i/zynq_ultra_ps_e_0/inst/pl_clk0                            | design_1_i/riscv_soc_axi_wrapper_0/U0/u_soc/u_uart_boot/dmem_length_full                                                                                   | design_1_i/riscv_soc_axi_wrapper_0/U0/u_soc/u_uart_boot/SR[0]                                                                |               10 |             32 |         3.20 |
|  design_1_i/zynq_ultra_ps_e_0/inst/pl_clk0                            | design_1_i/riscv_soc_axi_wrapper_0/U0/u_soc/u_cpu/csr_inst/mcause[31]_i_1_n_0                                                                              | design_1_i/riscv_soc_axi_wrapper_0/U0/u_soc/u_flash_boot/cpu_reset_int                                                       |               18 |             32 |         1.78 |
|  design_1_i/zynq_ultra_ps_e_0/inst/pl_clk0                            | design_1_i/axi_interconnect_0/s00_couplers/auto_pc/inst/gen_axilite.gen_b2s_conv.axilite_b2s/RD.r_channel_0/rd_data_fifo_0/wr_en0                          |                                                                                                                              |                4 |             32 |         8.00 |
|  design_1_i/zynq_ultra_ps_e_0/inst/pl_clk0                            | design_1_i/riscv_soc_axi_wrapper_0/U0/S_AXI_ARREADY                                                                                                        | design_1_i/rst_ps8_0_99M/U0/peripheral_aresetn[0]                                                                            |               23 |             32 |         1.39 |
|  design_1_i/zynq_ultra_ps_e_0/inst/pl_clk0                            | design_1_i/riscv_soc_axi_wrapper_0/U0/u_soc/u_cpu/regfile_inst/regs[21]_51                                                                                 | design_1_i/riscv_soc_axi_wrapper_0/U0/u_soc/u_flash_boot/cpu_reset_int                                                       |               31 |             32 |         1.03 |
|  design_1_i/zynq_ultra_ps_e_0/inst/pl_clk0                            | design_1_i/riscv_soc_axi_wrapper_0/U0/axi_wready_int0                                                                                                      | design_1_i/rst_ps8_0_99M/U0/peripheral_aresetn[0]                                                                            |                4 |             32 |         8.00 |
|  design_1_i/zynq_ultra_ps_e_0/inst/pl_clk0                            | design_1_i/riscv_soc_axi_wrapper_0/U0/dmem_addr_reg                                                                                                        | design_1_i/rst_ps8_0_99M/U0/peripheral_aresetn[0]                                                                            |               20 |             32 |         1.60 |
|  design_1_i/zynq_ultra_ps_e_0/inst/pl_clk0                            | design_1_i/riscv_soc_axi_wrapper_0/U0/dmem_wdata_reg                                                                                                       | design_1_i/rst_ps8_0_99M/U0/peripheral_aresetn[0]                                                                            |               18 |             32 |         1.78 |
|  design_1_i/zynq_ultra_ps_e_0/inst/pl_clk0                            | design_1_i/riscv_soc_axi_wrapper_0/U0/imem_addr_reg                                                                                                        | design_1_i/rst_ps8_0_99M/U0/peripheral_aresetn[0]                                                                            |               19 |             32 |         1.68 |
|  design_1_i/zynq_ultra_ps_e_0/inst/pl_clk0                            | design_1_i/riscv_soc_axi_wrapper_0/U0/imem_wdata_reg                                                                                                       | design_1_i/rst_ps8_0_99M/U0/peripheral_aresetn[0]                                                                            |               21 |             32 |         1.52 |
|  design_1_i/zynq_ultra_ps_e_0/inst/pl_clk0                            | design_1_i/riscv_soc_axi_wrapper_0/U0/u_soc/u_cpu/regfile_inst/regs[16]_46                                                                                 | design_1_i/riscv_soc_axi_wrapper_0/U0/u_soc/u_flash_boot/cpu_reset_int                                                       |               27 |             32 |         1.19 |
|  design_1_i/zynq_ultra_ps_e_0/inst/pl_clk0                            | design_1_i/axi_interconnect_0/s00_couplers/auto_pc/inst/gen_axilite.gen_b2s_conv.axilite_b2s/SI_REG/aw.aw_pipe/s_ready_i_reg_0                             |                                                                                                                              |               12 |             36 |         3.00 |
|  design_1_i/zynq_ultra_ps_e_0/inst/pl_clk0                            | design_1_i/axi_interconnect_0/s00_couplers/auto_pc/inst/gen_axilite.gen_b2s_conv.axilite_b2s/SI_REG/ar.ar_pipe/s_ready_i_reg_0                             |                                                                                                                              |               13 |             36 |         2.77 |
|  design_1_i/zynq_ultra_ps_e_0/inst/pl_clk0                            | design_1_i/axi_interconnect_0/s00_couplers/auto_pc/inst/gen_axilite.gen_b2s_conv.axilite_b2s/WR.b_channel_0/bid_fifo_0/E[0]                                |                                                                                                                              |               11 |             36 |         3.27 |
|  design_1_i/zynq_ultra_ps_e_0/inst/pl_clk0                            | design_1_i/axi_interconnect_0/s00_couplers/auto_pc/inst/gen_axilite.gen_b2s_conv.axilite_b2s/RD.ar_channel_0/ar_cmd_fsm_0/FSM_sequential_state_reg[1]_0[0] |                                                                                                                              |               12 |             36 |         3.00 |
|  design_1_i/zynq_ultra_ps_e_0/inst/pl_clk0                            | design_1_i/riscv_soc_axi_wrapper_0/U0/u_soc/u_flash_boot/dmem_addr_r[11]_i_1__0_n_0                                                                        |                                                                                                                              |               26 |             42 |         1.62 |
|  design_1_i/zynq_ultra_ps_e_0/inst/pl_clk0                            | design_1_i/riscv_soc_axi_wrapper_0/U0/u_soc/u_uart_boot/dmem_addr_r                                                                                        | design_1_i/riscv_soc_axi_wrapper_0/U0/u_soc/u_uart_boot/SR[0]                                                                |               22 |             42 |         1.91 |
|  design_1_i/zynq_ultra_ps_e_0/inst/pl_clk0                            | design_1_i/axi_interconnect_0/s00_couplers/auto_pc/inst/gen_axilite.gen_b2s_conv.axilite_b2s/SI_REG/r.r_pipe/p_1_in                                        |                                                                                                                              |               10 |             49 |         4.90 |
|  design_1_i/zynq_ultra_ps_e_0/inst/pl_clk0                            | design_1_i/axi_interconnect_0/s00_couplers/auto_pc/inst/gen_axilite.gen_b2s_conv.axilite_b2s/SI_REG/r.r_pipe/s_ready_i_reg_0                               |                                                                                                                              |               12 |             49 |         4.08 |
|  design_1_i/zynq_ultra_ps_e_0/inst/pl_clk0                            | design_1_i/riscv_soc_axi_wrapper_0/U0/u_soc/u_cpu/E[0]                                                                                                     | design_1_i/riscv_soc_axi_wrapper_0/U0/u_soc/u_flash_boot/cpu_reset_int                                                       |               22 |             50 |         2.27 |
|  design_1_i/zynq_ultra_ps_e_0/inst/pl_clk0                            | design_1_i/riscv_soc_axi_wrapper_0/U0/u_soc/u_flash_boot/bytes_rcvd[31]_i_1__0_n_0                                                                         | design_1_i/riscv_soc_axi_wrapper_0/U0/u_soc/u_flash_boot/FSM_sequential_boot_state[3]_i_1_n_0                                |               15 |             58 |         3.87 |
|  design_1_i/zynq_ultra_ps_e_0/inst/pl_clk0                            | design_1_i/riscv_soc_axi_wrapper_0/U0/u_soc/u_uart_boot/bytes_rcvd[31]_i_1_n_0                                                                             | design_1_i/riscv_soc_axi_wrapper_0/U0/u_soc/u_uart_boot/SR[0]                                                                |               21 |             58 |         2.76 |
|  design_1_i/zynq_ultra_ps_e_0/inst/pl_clk0                            | design_1_i/riscv_soc_axi_wrapper_0/U0/u_soc/u_uart_boot/imem_addr_r                                                                                        | design_1_i/riscv_soc_axi_wrapper_0/U0/u_soc/u_uart_boot/SR[0]                                                                |               30 |             62 |         2.07 |
|  design_1_i/zynq_ultra_ps_e_0/inst/pl_clk0                            | design_1_i/riscv_soc_axi_wrapper_0/U0/u_soc/u_flash_boot/imem_addr_r[31]_i_1__0_n_0                                                                        |                                                                                                                              |               31 |             62 |         2.00 |
|  design_1_i/zynq_ultra_ps_e_0/inst/pl_clk0                            | design_1_i/riscv_soc_axi_wrapper_0/U0/u_soc/u_cpu/FSM_sequential_state_reg[2]_0                                                                            | design_1_i/rst_ps8_0_99M/U0/peripheral_aresetn[0]                                                                            |               32 |             64 |         2.00 |
|  design_1_i/zynq_ultra_ps_e_0/inst/pl_clk0                            | design_1_i/riscv_soc_axi_wrapper_0/U0/u_soc/u_cpu/cur_rs1_val[31]_i_1_n_0                                                                                  | design_1_i/riscv_soc_axi_wrapper_0/U0/u_soc/u_flash_boot/cpu_reset_int                                                       |               44 |             64 |         1.45 |
|  design_1_i/zynq_ultra_ps_e_0/inst/pl_clk0                            |                                                                                                                                                            | design_1_i/riscv_soc_axi_wrapper_0/U0/u_soc/u_flash_boot/cpu_reset_int                                                       |               51 |            113 |         2.22 |
|  design_1_i/zynq_ultra_ps_e_0/inst/pl_clk0                            | design_1_i/riscv_soc_axi_wrapper_0/U0/u_soc/u_cpu/cur_rd_addr[4]_i_1_n_0                                                                                   | design_1_i/riscv_soc_axi_wrapper_0/U0/u_soc/u_flash_boot/cpu_reset_int                                                       |               28 |            113 |         4.04 |
|  design_1_i/zynq_ultra_ps_e_0/inst/pl_clk0                            |                                                                                                                                                            | design_1_i/riscv_soc_axi_wrapper_0/U0/u_soc/u_uart_boot/SR[0]                                                                |               38 |            147 |         3.87 |
|  design_1_i/zynq_ultra_ps_e_0/inst/pl_clk0                            |                                                                                                                                                            |                                                                                                                              |               76 |            170 |         2.24 |
+-----------------------------------------------------------------------+------------------------------------------------------------------------------------------------------------------------------------------------------------+------------------------------------------------------------------------------------------------------------------------------+------------------+----------------+--------------+


