
*** Running vivado
    with args -log design_1_wrapper.vdi -applog -m64 -product Vivado -messageDb vivado.pb -mode batch -source design_1_wrapper.tcl -notrace


WARNING: Default location for XILINX_HLS not found: 

****** Vivado v2024.1 (64-bit)
  **** SW Build 5076996 on Wed May 22 18:37:14 MDT 2024
  **** IP Build 5075265 on Wed May 22 21:45:21 MDT 2024
  **** SharedData Build 5076995 on Wed May 22 18:29:18 MDT 2024
  **** Start of session at: Wed May  6 15:27:51 2026
    ** Copyright 1986-2022 Xilinx, Inc. All Rights Reserved.
    ** Copyright 2022-2024 Advanced Micro Devices, Inc. All Rights Reserved.

source design_1_wrapper.tcl -notrace
create_project: Time (s): cpu = 00:00:08 ; elapsed = 00:00:09 . Memory (MB): peak = 529.910 ; gain = 202.168
INFO: [IP_Flow 19-234] Refreshing IP repositories
INFO: [IP_Flow 19-1700] Loaded user IP repository 'd:/Documents/FAU/NanoSat/riscv_radhart_coll/RiscVFSM/Riscvfsmwrapper'.
WARNING: [IP_Flow 19-3656] If you move the project, the path for repository 'd:/Documents/FAU/NanoSat/riscv_radhart_coll/RiscVFSM/Riscvfsmwrapper' may become invalid. A better location for the repository would be in a path adjacent to the project. (Current project location is 'd:/Documents/FAU/NanoSat/riscv_radhart_coll/RiscVFSM/Riscvfsmwrapper/Riscvfsmwrapper.runs/impl_1'.)
INFO: [IP_Flow 19-2313] Loaded Vivado IP repository 'C:/Xilinx/Vivado/2024.1/data/ip'.
WARNING: [IP_Flow 19-4995] The host OS only allows 260 characters in a normal path. The IP cache path is more than 80 characters. If you experience issues with IP caching, please consider changing the IP cache to a location with a shorter path. Alternately consider using the OS subst command to map part of the path to a drive letter. 
Current IP cache path is D:/Documents/FAU/NanoSat/riscv_radhart_coll/RiscVFSM/Riscvfsmwrapper/Riscvfsmwrapper.cache/ip 
Command: link_design -top design_1_wrapper -part xczu3eg-sbva484-1-i
Design is defaulting to srcset: sources_1
Design is defaulting to constrset: constrs_1
INFO: [Device 21-403] Loading part xczu3eg-sbva484-1-i
INFO: [Project 1-454] Reading design checkpoint 'd:/Documents/FAU/NanoSat/riscv_radhart_coll/RiscVFSM/Riscvfsmwrapper/Riscvfsmwrapper.gen/sources_1/bd/design_1/design_1.dcp' for cell 'design_1_i'
Netlist sorting complete. Time (s): cpu = 00:00:00 ; elapsed = 00:00:00.101 . Memory (MB): peak = 1501.461 ; gain = 0.000
INFO: [Netlist 29-17] Analyzing 529 Unisim elements for replacement
INFO: [Netlist 29-28] Unisim Transformation completed in 0 CPU seconds
INFO: [Project 1-479] Netlist was created with Vivado 2024.1
INFO: [Project 1-570] Preparing netlist for logic optimization
Parsing XDC File [d:/Documents/FAU/NanoSat/riscv_radhart_coll/RiscVFSM/Riscvfsmwrapper/Riscvfsmwrapper.gen/sources_1/bd/design_1/ip/design_1_zynq_ultra_ps_e_0_0/design_1_zynq_ultra_ps_e_0_0.xdc] for cell 'design_1_i/zynq_ultra_ps_e_0/inst'
create_clock: Time (s): cpu = 00:00:07 ; elapsed = 00:00:07 . Memory (MB): peak = 1624.188 ; gain = 34.383
Finished Parsing XDC File [d:/Documents/FAU/NanoSat/riscv_radhart_coll/RiscVFSM/Riscvfsmwrapper/Riscvfsmwrapper.gen/sources_1/bd/design_1/ip/design_1_zynq_ultra_ps_e_0_0/design_1_zynq_ultra_ps_e_0_0.xdc] for cell 'design_1_i/zynq_ultra_ps_e_0/inst'
Parsing XDC File [d:/Documents/FAU/NanoSat/riscv_radhart_coll/RiscVFSM/Riscvfsmwrapper/Riscvfsmwrapper.gen/sources_1/bd/design_1/ip/design_1_rst_ps8_0_99M_0/design_1_rst_ps8_0_99M_0_board.xdc] for cell 'design_1_i/rst_ps8_0_99M/U0'
Finished Parsing XDC File [d:/Documents/FAU/NanoSat/riscv_radhart_coll/RiscVFSM/Riscvfsmwrapper/Riscvfsmwrapper.gen/sources_1/bd/design_1/ip/design_1_rst_ps8_0_99M_0/design_1_rst_ps8_0_99M_0_board.xdc] for cell 'design_1_i/rst_ps8_0_99M/U0'
Parsing XDC File [d:/Documents/FAU/NanoSat/riscv_radhart_coll/RiscVFSM/Riscvfsmwrapper/Riscvfsmwrapper.gen/sources_1/bd/design_1/ip/design_1_rst_ps8_0_99M_0/design_1_rst_ps8_0_99M_0.xdc] for cell 'design_1_i/rst_ps8_0_99M/U0'
Finished Parsing XDC File [d:/Documents/FAU/NanoSat/riscv_radhart_coll/RiscVFSM/Riscvfsmwrapper/Riscvfsmwrapper.gen/sources_1/bd/design_1/ip/design_1_rst_ps8_0_99M_0/design_1_rst_ps8_0_99M_0.xdc] for cell 'design_1_i/rst_ps8_0_99M/U0'
Parsing XDC File [d:/Documents/FAU/NanoSat/riscv_radhart_coll/RiscVFSM/Riscvfsmwrapper/Riscvfsmwrapper.gen/sources_1/bd/design_1/ip/design_1_riscv_soc_axi_wrapper_0_1/src/cpu.xdc] for cell 'design_1_i/riscv_soc_axi_wrapper_0/U0'
CRITICAL WARNING: [Common 17-55] 'set_property' expects at least one object. [d:/Documents/FAU/NanoSat/riscv_radhart_coll/RiscVFSM/Riscvfsmwrapper/Riscvfsmwrapper.gen/sources_1/bd/design_1/ip/design_1_riscv_soc_axi_wrapper_0_1/src/cpu.xdc:2]
Resolution: If [get_<value>] was used to populate the object, check to make sure this command returns at least one valid object.
CRITICAL WARNING: [Common 17-55] 'set_property' expects at least one object. [d:/Documents/FAU/NanoSat/riscv_radhart_coll/RiscVFSM/Riscvfsmwrapper/Riscvfsmwrapper.gen/sources_1/bd/design_1/ip/design_1_riscv_soc_axi_wrapper_0_1/src/cpu.xdc:3]
Resolution: If [get_<value>] was used to populate the object, check to make sure this command returns at least one valid object.
Finished Parsing XDC File [d:/Documents/FAU/NanoSat/riscv_radhart_coll/RiscVFSM/Riscvfsmwrapper/Riscvfsmwrapper.gen/sources_1/bd/design_1/ip/design_1_riscv_soc_axi_wrapper_0_1/src/cpu.xdc] for cell 'design_1_i/riscv_soc_axi_wrapper_0/U0'
INFO: [Opt 31-138] Pushed 0 inverter(s) to 0 load pin(s).
INFO: [Project 1-1687] 4 scoped IP constraints or related sub-commands were skipped due to synthesis logic optimizations usually triggered by constant connectivity or unconnected output pins. To review the skipped constraints and messages, run the command 'set_param netlist.IPMsgFiltering false' before opening the design.
Netlist sorting complete. Time (s): cpu = 00:00:00 ; elapsed = 00:00:00.002 . Memory (MB): peak = 2091.234 ; gain = 0.000
INFO: [Project 1-111] Unisim Transformation Summary:
  A total of 3 instances were transformed.
  DSP48E2 => DSP48E2 (DSP_ALU, DSP_A_B_DATA, DSP_C_DATA, DSP_MULTIPLIER, DSP_M_DATA, DSP_OUTPUT, DSP_PREADD, DSP_PREADD_DATA): 3 instances

12 Infos, 2 Warnings, 2 Critical Warnings and 0 Errors encountered.
link_design completed successfully
link_design: Time (s): cpu = 00:00:28 ; elapsed = 00:00:34 . Memory (MB): peak = 2091.234 ; gain = 1494.293
Command: opt_design
Attempting to get a license for feature 'Implementation' and/or device 'xczu3eg'
INFO: [Common 17-349] Got license for feature 'Implementation' and/or device 'xczu3eg'
Running DRC as a precondition to command opt_design

Starting DRC Task
INFO: [DRC 23-27] Running DRC with 2 threads
INFO: [Project 1-461] DRC finished with 0 Errors
INFO: [Project 1-462] Please refer to the DRC report (report_drc) for more information.

Time (s): cpu = 00:00:04 ; elapsed = 00:00:02 . Memory (MB): peak = 2133.719 ; gain = 42.484

Starting Cache Timing Information Task
INFO: [Timing 38-35] Done setting XDC timing constraints.
Ending Cache Timing Information Task | Checksum: 10f0dc908

Time (s): cpu = 00:00:06 ; elapsed = 00:00:06 . Memory (MB): peak = 2441.926 ; gain = 308.207

Starting Logic Optimization Task

Phase 1 Initialization

Phase 1.1 Core Generation And Design Setup
Phase 1.1 Core Generation And Design Setup | Checksum: 10f0dc908

Time (s): cpu = 00:00:00 ; elapsed = 00:00:00.003 . Memory (MB): peak = 2838.016 ; gain = 0.000

Phase 1.2 Setup Constraints And Sort Netlist
Phase 1.2 Setup Constraints And Sort Netlist | Checksum: 10f0dc908

Time (s): cpu = 00:00:00 ; elapsed = 00:00:00.010 . Memory (MB): peak = 2838.016 ; gain = 0.000
Phase 1 Initialization | Checksum: 10f0dc908

Time (s): cpu = 00:00:00 ; elapsed = 00:00:00.011 . Memory (MB): peak = 2838.016 ; gain = 0.000

Phase 2 Timer Update And Timing Data Collection

Phase 2.1 Timer Update
Phase 2.1 Timer Update | Checksum: 10f0dc908

Time (s): cpu = 00:00:00 ; elapsed = 00:00:00.268 . Memory (MB): peak = 2838.016 ; gain = 0.000

Phase 2.2 Timing Data Collection
Phase 2.2 Timing Data Collection | Checksum: 10f0dc908

Time (s): cpu = 00:00:00 ; elapsed = 00:00:00.289 . Memory (MB): peak = 2838.016 ; gain = 0.000
Phase 2 Timer Update And Timing Data Collection | Checksum: 10f0dc908

Time (s): cpu = 00:00:00 ; elapsed = 00:00:00.291 . Memory (MB): peak = 2838.016 ; gain = 0.000

Phase 3 Retarget
INFO: [Opt 31-1834] Total Chains To Be Transformed Were: 0 AND Number of Transformed insts Created are: 0
INFO: [Opt 31-1566] Pulled 4 inverters resulting in an inversion of 23 pins
INFO: [Opt 31-138] Pushed 3 inverter(s) to 292 load pin(s).
INFO: [Opt 31-49] Retargeted 0 cell(s).
Phase 3 Retarget | Checksum: 1666daaf9

Time (s): cpu = 00:00:00 ; elapsed = 00:00:00.555 . Memory (MB): peak = 2838.016 ; gain = 0.000
Retarget | Checksum: 1666daaf9
INFO: [Opt 31-389] Phase Retarget created 49 cells and removed 320 cells

Phase 4 Constant propagation
INFO: [Opt 31-138] Pushed 0 inverter(s) to 0 load pin(s).
Phase 4 Constant propagation | Checksum: 1e18e4d09

Time (s): cpu = 00:00:01 ; elapsed = 00:00:00.673 . Memory (MB): peak = 2838.016 ; gain = 0.000
Constant propagation | Checksum: 1e18e4d09
INFO: [Opt 31-389] Phase Constant propagation created 69 cells and removed 187 cells

Phase 5 Sweep
Phase 5 Sweep | Checksum: 157fa83f0

Time (s): cpu = 00:00:01 ; elapsed = 00:00:00.909 . Memory (MB): peak = 2838.016 ; gain = 0.000
Sweep | Checksum: 157fa83f0
INFO: [Opt 31-389] Phase Sweep created 0 cells and removed 8 cells
INFO: [Opt 31-1021] In phase Sweep, 1 netlist objects are constrained preventing optimization. Please run opt_design with -debug_log to get more detail. 

Phase 6 BUFG optimization
INFO: [Opt 31-1077] Phase BUFG optimization inserted 0 global clock buffer(s) for CLOCK_LOW_FANOUT.
Phase 6 BUFG optimization | Checksum: 157fa83f0

Time (s): cpu = 00:00:01 ; elapsed = 00:00:01 . Memory (MB): peak = 2838.016 ; gain = 0.000
BUFG optimization | Checksum: 157fa83f0
INFO: [Opt 31-662] Phase BUFG optimization created 0 cells of which 0 are BUFGs and removed 0 cells.

Phase 7 Shift Register Optimization
INFO: [Opt 31-1064] SRL Remap converted 0 SRLs to 0 registers and converted 0 registers of register chains to 0 SRLs
Phase 7 Shift Register Optimization | Checksum: 157fa83f0

Time (s): cpu = 00:00:01 ; elapsed = 00:00:01 . Memory (MB): peak = 2838.016 ; gain = 0.000
Shift Register Optimization | Checksum: 157fa83f0
INFO: [Opt 31-389] Phase Shift Register Optimization created 0 cells and removed 0 cells

Phase 8 Post Processing Netlist
Phase 8 Post Processing Netlist | Checksum: 157fa83f0

Time (s): cpu = 00:00:01 ; elapsed = 00:00:01 . Memory (MB): peak = 2838.016 ; gain = 0.000
Post Processing Netlist | Checksum: 157fa83f0
INFO: [Opt 31-389] Phase Post Processing Netlist created 0 cells and removed 0 cells

Phase 9 Finalization

Phase 9.1 Finalizing Design Cores and Updating Shapes
Phase 9.1 Finalizing Design Cores and Updating Shapes | Checksum: f9ebf056

Time (s): cpu = 00:00:01 ; elapsed = 00:00:01 . Memory (MB): peak = 2838.016 ; gain = 0.000

Phase 9.2 Verifying Netlist Connectivity

Starting Connectivity Check Task

Time (s): cpu = 00:00:00 ; elapsed = 00:00:00.014 . Memory (MB): peak = 2838.016 ; gain = 0.000
Phase 9.2 Verifying Netlist Connectivity | Checksum: f9ebf056

Time (s): cpu = 00:00:01 ; elapsed = 00:00:01 . Memory (MB): peak = 2838.016 ; gain = 0.000
Phase 9 Finalization | Checksum: f9ebf056

Time (s): cpu = 00:00:01 ; elapsed = 00:00:01 . Memory (MB): peak = 2838.016 ; gain = 0.000
Opt_design Change Summary
=========================


-------------------------------------------------------------------------------------------------------------------------
|  Phase                        |  #Cells created  |  #Cells Removed  |  #Constrained objects preventing optimizations  |
-------------------------------------------------------------------------------------------------------------------------
|  Retarget                     |              49  |             320  |                                              0  |
|  Constant propagation         |              69  |             187  |                                              0  |
|  Sweep                        |               0  |               8  |                                              1  |
|  BUFG optimization            |               0  |               0  |                                              0  |
|  Shift Register Optimization  |               0  |               0  |                                              0  |
|  Post Processing Netlist      |               0  |               0  |                                              0  |
-------------------------------------------------------------------------------------------------------------------------


Ending Logic Optimization Task | Checksum: f9ebf056

Time (s): cpu = 00:00:01 ; elapsed = 00:00:01 . Memory (MB): peak = 2838.016 ; gain = 0.000

Starting Power Optimization Task
INFO: [Pwropt 34-132] Skipping clock gating for clocks with a period < 2.00 ns.
INFO: [Pwropt 34-9] Applying IDT optimizations ...
INFO: [Pwropt 34-10] Applying ODC optimizations ...
INFO: [Timing 38-35] Done setting XDC timing constraints.
Running Vector-less Activity Propagation...

Finished Running Vector-less Activity Propagation


Starting PowerOpt Patch Enables Task
INFO: [Pwropt 34-162] WRITE_MODE attribute of 0 BRAM(s) out of a total of 7 has been updated to save power. Run report_power_opt to get a complete listing of the BRAMs updated.
INFO: [Pwropt 34-201] Structural ODC has moved 0 WE to EN ports
Number of BRAM Ports augmented: 1 newly gated: 0 Total Ports: 14
Ending PowerOpt Patch Enables Task | Checksum: 88db8a8e

Time (s): cpu = 00:00:00 ; elapsed = 00:00:00.074 . Memory (MB): peak = 2962.484 ; gain = 0.000
Ending Power Optimization Task | Checksum: 88db8a8e

Time (s): cpu = 00:00:08 ; elapsed = 00:00:06 . Memory (MB): peak = 2962.484 ; gain = 124.469

Starting Final Cleanup Task

Starting Logic Optimization Task
INFO: [Timing 38-35] Done setting XDC timing constraints.
Ending Logic Optimization Task | Checksum: deef9157

Time (s): cpu = 00:00:02 ; elapsed = 00:00:02 . Memory (MB): peak = 2962.484 ; gain = 0.000
Ending Final Cleanup Task | Checksum: deef9157

Time (s): cpu = 00:00:06 ; elapsed = 00:00:06 . Memory (MB): peak = 2962.484 ; gain = 0.000

Starting Netlist Obfuscation Task
Netlist sorting complete. Time (s): cpu = 00:00:00 ; elapsed = 00:00:00.002 . Memory (MB): peak = 2962.484 ; gain = 0.000
Ending Netlist Obfuscation Task | Checksum: deef9157

Time (s): cpu = 00:00:00 ; elapsed = 00:00:00.003 . Memory (MB): peak = 2962.484 ; gain = 0.000
INFO: [Common 17-83] Releasing license: Implementation
39 Infos, 2 Warnings, 2 Critical Warnings and 0 Errors encountered.
opt_design completed successfully
opt_design: Time (s): cpu = 00:00:29 ; elapsed = 00:00:25 . Memory (MB): peak = 2962.484 ; gain = 871.250
INFO: [Vivado 12-24828] Executing command : report_drc -file design_1_wrapper_drc_opted.rpt -pb design_1_wrapper_drc_opted.pb -rpx design_1_wrapper_drc_opted.rpx
Command: report_drc -file design_1_wrapper_drc_opted.rpt -pb design_1_wrapper_drc_opted.pb -rpx design_1_wrapper_drc_opted.rpx
INFO: [IP_Flow 19-1839] IP Catalog is up to date.
INFO: [DRC 23-27] Running DRC with 2 threads
INFO: [Vivado_Tcl 2-168] The results of DRC are in file D:/Documents/FAU/NanoSat/riscv_radhart_coll/RiscVFSM/Riscvfsmwrapper/Riscvfsmwrapper.runs/impl_1/design_1_wrapper_drc_opted.rpt.
report_drc completed successfully
INFO: [Timing 38-480] Writing timing data to binary archive.
Write ShapeDB Complete: Time (s): cpu = 00:00:00 ; elapsed = 00:00:00.020 . Memory (MB): peak = 2962.484 ; gain = 0.000
INFO: [Common 17-1381] The checkpoint 'D:/Documents/FAU/NanoSat/riscv_radhart_coll/RiscVFSM/Riscvfsmwrapper/Riscvfsmwrapper.runs/impl_1/design_1_wrapper_opt.dcp' has been generated.
Command: place_design
Attempting to get a license for feature 'Implementation' and/or device 'xczu3eg'
INFO: [Common 17-349] Got license for feature 'Implementation' and/or device 'xczu3eg'
INFO: [Common 17-83] Releasing license: Implementation
INFO: [DRC 23-27] Running DRC with 2 threads
INFO: [Vivado_Tcl 4-198] DRC finished with 0 Errors
INFO: [Vivado_Tcl 4-199] Please refer to the DRC report (report_drc) for more information.
Running DRC as a precondition to command place_design
INFO: [DRC 23-27] Running DRC with 2 threads
INFO: [Vivado_Tcl 4-198] DRC finished with 0 Errors
INFO: [Vivado_Tcl 4-199] Please refer to the DRC report (report_drc) for more information.
INFO: [Place 30-611] Multithreading enabled for place_design using a maximum of 2 CPUs

Starting Placer Task

Phase 1 Placer Initialization

Phase 1.1 Placer Initialization Netlist Sorting
Netlist sorting complete. Time (s): cpu = 00:00:00 ; elapsed = 00:00:00.002 . Memory (MB): peak = 2962.484 ; gain = 0.000
Phase 1.1 Placer Initialization Netlist Sorting | Checksum: b2169d03

Time (s): cpu = 00:00:00 ; elapsed = 00:00:00.005 . Memory (MB): peak = 2962.484 ; gain = 0.000
Netlist sorting complete. Time (s): cpu = 00:00:00 ; elapsed = 00:00:00.003 . Memory (MB): peak = 2962.484 ; gain = 0.000

Phase 1.2 IO Placement/ Clock Placement/ Build Placer Device
WARNING: [Device 21-9073] RSS factor Speedmodel not found for intent code NODE_GLOBAL_VDISTR
WARNING: [Device 21-9073] RSS factor Speedmodel not found for intent code NODE_GLOBAL_VROUTE
WARNING: [Device 21-9073] RSS factor Speedmodel not found for intent code NODE_GLOBAL_HDISTR
WARNING: [Device 21-9073] RSS factor Speedmodel not found for intent code NODE_GLOBAL_HROUTE
WARNING: [Device 21-9073] RSS factor Speedmodel not found for intent code NODE_GLOBAL_BUFG
WARNING: [Device 21-9073] RSS factor Speedmodel not found for intent code NODE_GLOBAL_LEAF
INFO: [Timing 38-35] Done setting XDC timing constraints.
Phase 1.2 IO Placement/ Clock Placement/ Build Placer Device | Checksum: 1040a80c0

Time (s): cpu = 00:00:20 ; elapsed = 00:00:22 . Memory (MB): peak = 3871.938 ; gain = 909.453

Phase 1.3 Build Placer Netlist Model
Phase 1.3 Build Placer Netlist Model | Checksum: 13cda583f

Time (s): cpu = 00:00:24 ; elapsed = 00:00:25 . Memory (MB): peak = 3871.938 ; gain = 909.453

Phase 1.4 Constrain Clocks/Macros
Phase 1.4 Constrain Clocks/Macros | Checksum: 13cda583f

Time (s): cpu = 00:00:24 ; elapsed = 00:00:25 . Memory (MB): peak = 3871.938 ; gain = 909.453
Phase 1 Placer Initialization | Checksum: 13cda583f

Time (s): cpu = 00:00:24 ; elapsed = 00:00:25 . Memory (MB): peak = 3871.938 ; gain = 909.453

Phase 2 Global Placement

Phase 2.1 Floorplanning

Phase 2.1.1 Partition Driven Placement

Phase 2.1.1.1 PBP: Partition Driven Placement
Phase 2.1.1.1 PBP: Partition Driven Placement | Checksum: 12b46abc4

Time (s): cpu = 00:00:28 ; elapsed = 00:00:27 . Memory (MB): peak = 3871.938 ; gain = 909.453

Phase 2.1.1.2 PBP: Clock Region Placement
INFO: [Place 30-3162] Check ILP status : ILP-based clock placer completed successfully.
Phase 2.1.1.2 PBP: Clock Region Placement | Checksum: 1cb2cdb0e

Time (s): cpu = 00:00:28 ; elapsed = 00:00:28 . Memory (MB): peak = 3871.938 ; gain = 909.453

Phase 2.1.1.3 PBP: Compute Congestion
Phase 2.1.1.3 PBP: Compute Congestion | Checksum: 1cb2cdb0e

Time (s): cpu = 00:00:39 ; elapsed = 00:00:34 . Memory (MB): peak = 3871.938 ; gain = 909.453

Phase 2.1.1.4 PBP: UpdateTiming
Phase 2.1.1.4 PBP: UpdateTiming | Checksum: 1312b9153

Time (s): cpu = 00:00:39 ; elapsed = 00:00:34 . Memory (MB): peak = 3871.938 ; gain = 909.453

Phase 2.1.1.5 PBP: Add part constraints
Phase 2.1.1.5 PBP: Add part constraints | Checksum: 1312b9153

Time (s): cpu = 00:00:39 ; elapsed = 00:00:34 . Memory (MB): peak = 3871.938 ; gain = 909.453
Phase 2.1.1 Partition Driven Placement | Checksum: 1312b9153

Time (s): cpu = 00:00:39 ; elapsed = 00:00:34 . Memory (MB): peak = 3871.938 ; gain = 909.453
Phase 2.1 Floorplanning | Checksum: 10444be4e

Time (s): cpu = 00:00:40 ; elapsed = 00:00:34 . Memory (MB): peak = 3871.938 ; gain = 909.453

Phase 2.2 Update Timing before SLR Path Opt
Phase 2.2 Update Timing before SLR Path Opt | Checksum: 10444be4e

Time (s): cpu = 00:00:40 ; elapsed = 00:00:34 . Memory (MB): peak = 3871.938 ; gain = 909.453

Phase 2.3 Post-Processing in Floorplanning
Phase 2.3 Post-Processing in Floorplanning | Checksum: 10444be4e

Time (s): cpu = 00:00:40 ; elapsed = 00:00:34 . Memory (MB): peak = 3871.938 ; gain = 909.453

Phase 2.4 Global Placement Core

Phase 2.4.1 UpdateTiming Before Physical Synthesis
Phase 2.4.1 UpdateTiming Before Physical Synthesis | Checksum: 1e8f2a9d7

Time (s): cpu = 00:01:12 ; elapsed = 00:00:53 . Memory (MB): peak = 3871.938 ; gain = 909.453

Phase 2.4.2 Physical Synthesis In Placer
INFO: [Physopt 32-1035] Found 0 LUTNM shape to break, 157 LUT instances to create LUTNM shape
INFO: [Physopt 32-1044] Break lutnm for timing: one critical 0, two critical 0, total 0, new lutff created 0
INFO: [Physopt 32-1138] End 1 Pass. Optimized 50 nets or LUTs. Breaked 0 LUT, combined 50 existing LUTs and moved 0 existing LUT
INFO: [Physopt 32-1030] Pass 1. Identified 3 candidate driver sets for equivalent driver rewiring.
INFO: [Physopt 32-661] Optimized 1 net.  Re-placed 2 instances.
INFO: [Physopt 32-775] End 1 Pass. Optimized 1 net or cell. Created 0 new cell, deleted 0 existing cell and moved 2 existing cells
Netlist sorting complete. Time (s): cpu = 00:00:00 ; elapsed = 00:00:00.012 . Memory (MB): peak = 3871.938 ; gain = 0.000
INFO: [Physopt 32-65] No nets found for high-fanout optimization.
INFO: [Physopt 32-232] Optimized 0 net. Created 0 new instance.
INFO: [Physopt 32-775] End 1 Pass. Optimized 0 net or cell. Created 0 new cell, deleted 0 existing cell and moved 0 existing cell
INFO: [Physopt 32-670] No setup violation found.  DSP Register Optimization was not performed.
INFO: [Physopt 32-670] No setup violation found.  Shift Register to Pipeline Optimization was not performed.
INFO: [Physopt 32-670] No setup violation found.  Shift Register Optimization was not performed.
INFO: [Physopt 32-670] No setup violation found.  BRAM Register Optimization was not performed.
INFO: [Physopt 32-670] No setup violation found.  URAM Register Optimization was not performed.
INFO: [Physopt 32-949] No candidate nets found for dynamic/static region interface net replication
INFO: [Physopt 32-775] End 1 Pass. Optimized 0 net or cell. Created 0 new cell, deleted 0 existing cell and moved 0 existing cell
Netlist sorting complete. Time (s): cpu = 00:00:00 ; elapsed = 00:00:00.002 . Memory (MB): peak = 3871.938 ; gain = 0.000

Summary of Physical Synthesis Optimizations
============================================


-----------------------------------------------------------------------------------------------------------------------------------------------------------
|  Optimization                                     |  Added Cells  |  Removed Cells  |  Optimized Cells/Nets  |  Dont Touch  |  Iterations  |  Elapsed   |
-----------------------------------------------------------------------------------------------------------------------------------------------------------
|  LUT Combining                                    |            0  |             50  |                    50  |           0  |           1  |  00:00:00  |
|  Retime                                           |            0  |              0  |                     0  |           0  |           1  |  00:00:00  |
|  Equivalent Driver Rewiring                       |            0  |              0  |                     1  |           0  |           1  |  00:00:00  |
|  Very High Fanout                                 |            0  |              0  |                     0  |           0  |           1  |  00:00:00  |
|  DSP Register                                     |            0  |              0  |                     0  |           0  |           0  |  00:00:00  |
|  Shift Register to Pipeline                       |            0  |              0  |                     0  |           0  |           0  |  00:00:00  |
|  Shift Register                                   |            0  |              0  |                     0  |           0  |           0  |  00:00:00  |
|  BRAM Register                                    |            0  |              0  |                     0  |           0  |           0  |  00:00:00  |
|  URAM Register                                    |            0  |              0  |                     0  |           0  |           0  |  00:00:00  |
|  Dynamic/Static Region Interface Net Replication  |            0  |              0  |                     0  |           0  |           1  |  00:00:00  |
|  Total                                            |            0  |             50  |                    51  |           0  |           5  |  00:00:00  |
-----------------------------------------------------------------------------------------------------------------------------------------------------------


Phase 2.4.2 Physical Synthesis In Placer | Checksum: 1a46b4099

Time (s): cpu = 00:01:13 ; elapsed = 00:00:54 . Memory (MB): peak = 3871.938 ; gain = 909.453
Phase 2.4 Global Placement Core | Checksum: 1a92b592e

Time (s): cpu = 00:01:25 ; elapsed = 00:01:00 . Memory (MB): peak = 3871.938 ; gain = 909.453
Phase 2 Global Placement | Checksum: 1a92b592e

Time (s): cpu = 00:01:25 ; elapsed = 00:01:00 . Memory (MB): peak = 3871.938 ; gain = 909.453

Phase 3 Detail Placement

Phase 3.1 Commit Multi Column Macros
Phase 3.1 Commit Multi Column Macros | Checksum: 1ccab8338

Time (s): cpu = 00:01:37 ; elapsed = 00:01:07 . Memory (MB): peak = 3871.938 ; gain = 909.453

Phase 3.2 Commit Most Macros & LUTRAMs
Phase 3.2 Commit Most Macros & LUTRAMs | Checksum: 1ba87bb52

Time (s): cpu = 00:01:38 ; elapsed = 00:01:07 . Memory (MB): peak = 3871.938 ; gain = 909.453

Phase 3.3 Small Shape DP

Phase 3.3.1 Small Shape Clustering
Phase 3.3.1 Small Shape Clustering | Checksum: 1a3f23216

Time (s): cpu = 00:02:01 ; elapsed = 00:01:21 . Memory (MB): peak = 3871.938 ; gain = 909.453

Phase 3.3.2 Slice Area Swap

Phase 3.3.2.1 Slice Area Swap Initial
Phase 3.3.2.1 Slice Area Swap Initial | Checksum: 198f826e3

Time (s): cpu = 00:02:13 ; elapsed = 00:01:27 . Memory (MB): peak = 3871.938 ; gain = 909.453
Phase 3.3.2 Slice Area Swap | Checksum: 198f826e3

Time (s): cpu = 00:02:13 ; elapsed = 00:01:27 . Memory (MB): peak = 3871.938 ; gain = 909.453
Phase 3.3 Small Shape DP | Checksum: 2099e054c

Time (s): cpu = 00:02:38 ; elapsed = 00:01:42 . Memory (MB): peak = 3871.938 ; gain = 909.453

Phase 3.4 Re-assign LUT pins
Phase 3.4 Re-assign LUT pins | Checksum: 26701de6f

Time (s): cpu = 00:02:39 ; elapsed = 00:01:42 . Memory (MB): peak = 3871.938 ; gain = 909.453

Phase 3.5 Pipeline Register Optimization
Phase 3.5 Pipeline Register Optimization | Checksum: 1e701c1cc

Time (s): cpu = 00:02:39 ; elapsed = 00:01:42 . Memory (MB): peak = 3871.938 ; gain = 909.453
Phase 3 Detail Placement | Checksum: 1e701c1cc

Time (s): cpu = 00:02:39 ; elapsed = 00:01:42 . Memory (MB): peak = 3871.938 ; gain = 909.453

Phase 4 Post Placement Optimization and Clean-Up

Phase 4.1 Post Commit Optimization
INFO: [Timing 38-35] Done setting XDC timing constraints.

Phase 4.1.1 Post Placement Optimization
Post Placement Optimization Initialization | Checksum: 287d0c3c8

Phase 4.1.1.1 BUFG Insertion

Starting Physical Synthesis Task

Phase 1 Physical Synthesis Initialization
INFO: [Physopt 32-721] Multithreading enabled for phys_opt_design using a maximum of 2 CPUs
INFO: [Physopt 32-619] Estimated Timing Summary | WNS=4.222 | TNS=0.000 |
Phase 1 Physical Synthesis Initialization | Checksum: 229759b40

Time (s): cpu = 00:00:01 ; elapsed = 00:00:00.205 . Memory (MB): peak = 3871.938 ; gain = 0.000
INFO: [Place 46-32] Processed net design_1_i/riscv_soc_axi_wrapper_0/U0/u_soc/u_cpu/regfile_inst/cpu_reset_int, BUFG insertion was skipped because the netlist editing failed.
INFO: [Place 46-56] BUFG insertion identified 1 candidate nets. Inserted BUFG: 0, Replicated BUFG Driver: 0, Skipped due to Placement/Routing Conflicts: 0, Skipped due to Timing Degradation: 0, Skipped due to netlist editing failed: 1.
Ending Physical Synthesis Task | Checksum: 22e23cda1

Time (s): cpu = 00:00:01 ; elapsed = 00:00:00.623 . Memory (MB): peak = 3871.938 ; gain = 0.000
Phase 4.1.1.1 BUFG Insertion | Checksum: 287d0c3c8

Time (s): cpu = 00:02:57 ; elapsed = 00:01:54 . Memory (MB): peak = 3871.938 ; gain = 909.453

Phase 4.1.1.2 Post Placement Timing Optimization
INFO: [Place 30-746] Post Placement Timing Summary WNS=4.222. For the most accurate timing information please run report_timing.
Phase 4.1.1.2 Post Placement Timing Optimization | Checksum: 1f1e74721

Time (s): cpu = 00:02:57 ; elapsed = 00:01:54 . Memory (MB): peak = 3871.938 ; gain = 909.453

Time (s): cpu = 00:02:57 ; elapsed = 00:01:54 . Memory (MB): peak = 3871.938 ; gain = 909.453
Phase 4.1 Post Commit Optimization | Checksum: 1f1e74721

Time (s): cpu = 00:02:57 ; elapsed = 00:01:54 . Memory (MB): peak = 3871.938 ; gain = 909.453
Netlist sorting complete. Time (s): cpu = 00:00:00 ; elapsed = 00:00:00.005 . Memory (MB): peak = 3871.938 ; gain = 0.000

Phase 4.2 Post Placement Cleanup
Phase 4.2 Post Placement Cleanup | Checksum: 232d96451

Time (s): cpu = 00:03:10 ; elapsed = 00:02:02 . Memory (MB): peak = 3871.938 ; gain = 909.453

Phase 4.3 Placer Reporting

Phase 4.3.1 Print Estimated Congestion
INFO: [Place 30-612] Post-Placement Estimated Congestion 
 ________________________________________________________________________
|           | Global Congestion | Long Congestion   | Short Congestion  |
| Direction | Region Size       | Region Size       | Region Size       |
|___________|___________________|___________________|___________________|
|      North|                1x1|                1x1|                4x4|
|___________|___________________|___________________|___________________|
|      South|                1x1|                1x1|                2x2|
|___________|___________________|___________________|___________________|
|       East|                1x1|                1x1|                2x2|
|___________|___________________|___________________|___________________|
|       West|                1x1|                1x1|                4x4|
|___________|___________________|___________________|___________________|

Phase 4.3.1 Print Estimated Congestion | Checksum: 232d96451

Time (s): cpu = 00:03:10 ; elapsed = 00:02:02 . Memory (MB): peak = 3871.938 ; gain = 909.453
Phase 4.3 Placer Reporting | Checksum: 232d96451

Time (s): cpu = 00:03:10 ; elapsed = 00:02:02 . Memory (MB): peak = 3871.938 ; gain = 909.453

Phase 4.4 Final Placement Cleanup
Netlist sorting complete. Time (s): cpu = 00:00:00 ; elapsed = 00:00:00.003 . Memory (MB): peak = 3871.938 ; gain = 0.000

Time (s): cpu = 00:03:10 ; elapsed = 00:02:02 . Memory (MB): peak = 3871.938 ; gain = 909.453
Phase 4 Post Placement Optimization and Clean-Up | Checksum: 1ecc9e5d3

Time (s): cpu = 00:03:10 ; elapsed = 00:02:02 . Memory (MB): peak = 3871.938 ; gain = 909.453
Ending Placer Task | Checksum: 1a23e3c0f

Time (s): cpu = 00:03:10 ; elapsed = 00:02:02 . Memory (MB): peak = 3871.938 ; gain = 909.453
79 Infos, 8 Warnings, 2 Critical Warnings and 0 Errors encountered.
place_design completed successfully
place_design: Time (s): cpu = 00:03:18 ; elapsed = 00:02:07 . Memory (MB): peak = 3871.938 ; gain = 909.453
INFO: [Vivado 12-24838] Running report commands "report_control_sets, report_io, report_utilization" in parallel.
Running report generation with 2 threads.
INFO: [Vivado 12-24828] Executing command : report_io -file design_1_wrapper_io_placed.rpt
report_io: Time (s): cpu = 00:00:00 ; elapsed = 00:00:00.106 . Memory (MB): peak = 3871.938 ; gain = 0.000
INFO: [Vivado 12-24828] Executing command : report_utilization -file design_1_wrapper_utilization_placed.rpt -pb design_1_wrapper_utilization_placed.pb
INFO: [Vivado 12-24828] Executing command : report_control_sets -verbose -file design_1_wrapper_control_sets_placed.rpt
report_control_sets: Time (s): cpu = 00:00:00 ; elapsed = 00:00:00.023 . Memory (MB): peak = 3871.938 ; gain = 0.000
INFO: [Timing 38-480] Writing timing data to binary archive.
Write ShapeDB Complete: Time (s): cpu = 00:00:00 ; elapsed = 00:00:00.023 . Memory (MB): peak = 3871.938 ; gain = 0.000
Wrote PlaceDB: Time (s): cpu = 00:00:01 ; elapsed = 00:00:00.772 . Memory (MB): peak = 3871.938 ; gain = 0.000
Wrote PulsedLatchDB: Time (s): cpu = 00:00:00 ; elapsed = 00:00:00 . Memory (MB): peak = 3871.938 ; gain = 0.000
Writing XDEF routing.
Writing XDEF routing logical nets.
Writing XDEF routing special nets.
Wrote RouteStorage: Time (s): cpu = 00:00:00 ; elapsed = 00:00:00.136 . Memory (MB): peak = 3871.938 ; gain = 0.000
Wrote Netlist Cache: Time (s): cpu = 00:00:00 ; elapsed = 00:00:00.016 . Memory (MB): peak = 3871.938 ; gain = 0.000
Wrote Device Cache: Time (s): cpu = 00:00:00 ; elapsed = 00:00:00.041 . Memory (MB): peak = 3871.938 ; gain = 0.000
Write Physdb Complete: Time (s): cpu = 00:00:01 ; elapsed = 00:00:00.984 . Memory (MB): peak = 3871.938 ; gain = 0.000
INFO: [Common 17-1381] The checkpoint 'D:/Documents/FAU/NanoSat/riscv_radhart_coll/RiscVFSM/Riscvfsmwrapper/Riscvfsmwrapper.runs/impl_1/design_1_wrapper_placed.dcp' has been generated.
Command: phys_opt_design
Attempting to get a license for feature 'Implementation' and/or device 'xczu3eg'
INFO: [Common 17-349] Got license for feature 'Implementation' and/or device 'xczu3eg'

Starting Initial Update Timing Task

Time (s): cpu = 00:00:04 ; elapsed = 00:00:03 . Memory (MB): peak = 3871.938 ; gain = 0.000
INFO: [Vivado_Tcl 4-2279] Estimated Timing Summary | WNS= 4.226 | TNS= 0.000 | 
INFO: [Vivado_Tcl 4-383] Design worst setup slack (WNS) is greater than or equal to 0.000 ns. All physical synthesis setup optimizations will be skipped.
INFO: [Vivado_Tcl 4-232] No setup violation found. The netlist was not modified.
INFO: [Common 17-83] Releasing license: Implementation
90 Infos, 8 Warnings, 2 Critical Warnings and 0 Errors encountered.
phys_opt_design completed successfully
INFO: [Timing 38-480] Writing timing data to binary archive.
Write ShapeDB Complete: Time (s): cpu = 00:00:00 ; elapsed = 00:00:00.022 . Memory (MB): peak = 3871.938 ; gain = 0.000
Wrote PlaceDB: Time (s): cpu = 00:00:01 ; elapsed = 00:00:00.806 . Memory (MB): peak = 3871.938 ; gain = 0.000
Wrote PulsedLatchDB: Time (s): cpu = 00:00:00 ; elapsed = 00:00:00 . Memory (MB): peak = 3871.938 ; gain = 0.000
Writing XDEF routing.
Writing XDEF routing logical nets.
Writing XDEF routing special nets.
Wrote RouteStorage: Time (s): cpu = 00:00:01 ; elapsed = 00:00:00.082 . Memory (MB): peak = 3871.938 ; gain = 0.000
Wrote Netlist Cache: Time (s): cpu = 00:00:00 ; elapsed = 00:00:00.017 . Memory (MB): peak = 3871.938 ; gain = 0.000
Wrote Device Cache: Time (s): cpu = 00:00:00 ; elapsed = 00:00:00.047 . Memory (MB): peak = 3871.938 ; gain = 0.000
Write Physdb Complete: Time (s): cpu = 00:00:02 ; elapsed = 00:00:00.976 . Memory (MB): peak = 3871.938 ; gain = 0.000
INFO: [Common 17-1381] The checkpoint 'D:/Documents/FAU/NanoSat/riscv_radhart_coll/RiscVFSM/Riscvfsmwrapper/Riscvfsmwrapper.runs/impl_1/design_1_wrapper_physopt.dcp' has been generated.
Command: route_design
Attempting to get a license for feature 'Implementation' and/or device 'xczu3eg'
INFO: [Common 17-349] Got license for feature 'Implementation' and/or device 'xczu3eg'
Running DRC as a precondition to command route_design
INFO: [DRC 23-27] Running DRC with 2 threads
INFO: [Vivado_Tcl 4-198] DRC finished with 0 Errors
INFO: [Vivado_Tcl 4-199] Please refer to the DRC report (report_drc) for more information.


Starting Routing Task
INFO: [Route 35-254] Multithreading enabled for route_design using a maximum of 8 CPUs

Phase 1 Build RT Design
Checksum: PlaceDB: e2e11486 ConstDB: 0 ShapeSum: 5ed8929b RouteDB: 608494ee
Nodegraph reading from file.  Time (s): cpu = 00:00:01 ; elapsed = 00:00:01 . Memory (MB): peak = 3871.938 ; gain = 0.000
Post Restoration Checksum: NetGraph: 2492c79a | NumContArr: d25f57ea | Constraints: 4f39123d | Timing: c2a8fa9d
Phase 1 Build RT Design | Checksum: 208d42c5e

Time (s): cpu = 00:00:07 ; elapsed = 00:00:05 . Memory (MB): peak = 3871.938 ; gain = 0.000

Phase 2 Router Initialization

Phase 2.1 Fix Topology Constraints
Phase 2.1 Fix Topology Constraints | Checksum: 208d42c5e

Time (s): cpu = 00:00:07 ; elapsed = 00:00:05 . Memory (MB): peak = 3871.938 ; gain = 0.000

Phase 2.2 Pre Route Cleanup
Phase 2.2 Pre Route Cleanup | Checksum: 208d42c5e

Time (s): cpu = 00:00:07 ; elapsed = 00:00:05 . Memory (MB): peak = 3871.938 ; gain = 0.000

Phase 2.3 Global Clock Net Routing
 Number of Nodes with overlaps = 0
Phase 2.3 Global Clock Net Routing | Checksum: 1cdbeb180

Time (s): cpu = 00:00:08 ; elapsed = 00:00:06 . Memory (MB): peak = 3871.938 ; gain = 0.000

Phase 2.4 Update Timing
Phase 2.4 Update Timing | Checksum: 1a79f7a22

Time (s): cpu = 00:00:10 ; elapsed = 00:00:07 . Memory (MB): peak = 3871.938 ; gain = 0.000
INFO: [Route 35-416] Intermediate Timing Summary | WNS=4.290  | TNS=0.000  | WHS=-0.020 | THS=-0.070 |


Router Utilization Summary
  Global Vertical Routing Utilization    = 0 %
  Global Horizontal Routing Utilization  = 0 %
  Routable Net Status*
  *Does not include unroutable nets such as driverless and loadless.
  Run report_route_status for detailed report.
  Number of Failed Nets               = 6268
    (Failed Nets is the sum of unrouted and partially routed nets)
  Number of Unrouted Nets             = 4678
  Number of Partially Routed Nets     = 1590
  Number of Node Overlaps             = 0

Phase 2 Router Initialization | Checksum: 216a1115a

Time (s): cpu = 00:00:14 ; elapsed = 00:00:09 . Memory (MB): peak = 3871.938 ; gain = 0.000

Phase 3 Global Routing
Phase 3 Global Routing | Checksum: 216a1115a

Time (s): cpu = 00:00:14 ; elapsed = 00:00:09 . Memory (MB): peak = 3871.938 ; gain = 0.000

Phase 4 Initial Routing

Phase 4.1 Initial Net Routing Pass
Phase 4.1 Initial Net Routing Pass | Checksum: 1c0e91ee2

Time (s): cpu = 00:00:17 ; elapsed = 00:00:10 . Memory (MB): peak = 3871.938 ; gain = 0.000
Phase 4 Initial Routing | Checksum: 17e2df415

Time (s): cpu = 00:00:17 ; elapsed = 00:00:10 . Memory (MB): peak = 3871.938 ; gain = 0.000

Phase 5 Rip-up And Reroute

Phase 5.1 Global Iteration 0
 Number of Nodes with overlaps = 1996
 Number of Nodes with overlaps = 200
 Number of Nodes with overlaps = 12
 Number of Nodes with overlaps = 4
 Number of Nodes with overlaps = 4
 Number of Nodes with overlaps = 2
 Number of Nodes with overlaps = 0
INFO: [Route 35-416] Intermediate Timing Summary | WNS=3.409  | TNS=0.000  | WHS=0.031  | THS=0.000  |

Phase 5.1 Global Iteration 0 | Checksum: 11af73ca0

Time (s): cpu = 00:00:44 ; elapsed = 00:00:25 . Memory (MB): peak = 3871.938 ; gain = 0.000

Phase 5.2 Additional Iteration for Hold
Phase 5.2 Additional Iteration for Hold | Checksum: 1b724573c

Time (s): cpu = 00:00:45 ; elapsed = 00:00:25 . Memory (MB): peak = 3871.938 ; gain = 0.000
Phase 5 Rip-up And Reroute | Checksum: 1b724573c

Time (s): cpu = 00:00:45 ; elapsed = 00:00:25 . Memory (MB): peak = 3871.938 ; gain = 0.000

Phase 6 Delay and Skew Optimization

Phase 6.1 Delay CleanUp
Phase 6.1 Delay CleanUp | Checksum: 1eef9be42

Time (s): cpu = 00:00:45 ; elapsed = 00:00:25 . Memory (MB): peak = 3871.938 ; gain = 0.000

Phase 6.2 Clock Skew Optimization
Phase 6.2 Clock Skew Optimization | Checksum: 1eef9be42

Time (s): cpu = 00:00:45 ; elapsed = 00:00:25 . Memory (MB): peak = 3871.938 ; gain = 0.000
Phase 6 Delay and Skew Optimization | Checksum: 1eef9be42

Time (s): cpu = 00:00:45 ; elapsed = 00:00:25 . Memory (MB): peak = 3871.938 ; gain = 0.000

Phase 7 Post Hold Fix

Phase 7.1 Hold Fix Iter
INFO: [Route 35-416] Intermediate Timing Summary | WNS=3.409  | TNS=0.000  | WHS=0.031  | THS=0.000  |

Phase 7.1 Hold Fix Iter | Checksum: 17e0dddb5

Time (s): cpu = 00:00:47 ; elapsed = 00:00:26 . Memory (MB): peak = 3871.938 ; gain = 0.000
Phase 7 Post Hold Fix | Checksum: 17e0dddb5

Time (s): cpu = 00:00:47 ; elapsed = 00:00:26 . Memory (MB): peak = 3871.938 ; gain = 0.000

Phase 8 Route finalize

Router Utilization Summary
  Global Vertical Routing Utilization    = 1.21016 %
  Global Horizontal Routing Utilization  = 1.59074 %
  Routable Net Status*
  *Does not include unroutable nets such as driverless and loadless.
  Run report_route_status for detailed report.
  Number of Failed Nets               = 0
    (Failed Nets is the sum of unrouted and partially routed nets)
  Number of Unrouted Nets             = 0
  Number of Partially Routed Nets     = 0
  Number of Node Overlaps             = 0

Phase 8 Route finalize | Checksum: 17e0dddb5

Time (s): cpu = 00:00:47 ; elapsed = 00:00:26 . Memory (MB): peak = 3871.938 ; gain = 0.000

Phase 9 Verifying routed nets

 Verification completed successfully
Phase 9 Verifying routed nets | Checksum: 17e0dddb5

Time (s): cpu = 00:00:47 ; elapsed = 00:00:26 . Memory (MB): peak = 3871.938 ; gain = 0.000

Phase 10 Depositing Routes
Phase 10 Depositing Routes | Checksum: 17e0dddb5

Time (s): cpu = 00:00:48 ; elapsed = 00:00:27 . Memory (MB): peak = 3871.938 ; gain = 0.000

Phase 11 Resolve XTalk
Phase 11 Resolve XTalk | Checksum: 17e0dddb5

Time (s): cpu = 00:00:48 ; elapsed = 00:00:27 . Memory (MB): peak = 3871.938 ; gain = 0.000

Phase 12 Post Process Routing
Phase 12 Post Process Routing | Checksum: 17e0dddb5

Time (s): cpu = 00:00:48 ; elapsed = 00:00:27 . Memory (MB): peak = 3871.938 ; gain = 0.000

Phase 13 Post Router Timing
INFO: [Route 35-57] Estimated Timing Summary | WNS=3.409  | TNS=0.000  | WHS=0.031  | THS=0.000  |

INFO: [Route 35-327] The final timing numbers are based on the router estimated timing analysis. For a complete and accurate timing signoff, please run report_timing_summary.
Phase 13 Post Router Timing | Checksum: 17e0dddb5

Time (s): cpu = 00:00:48 ; elapsed = 00:00:27 . Memory (MB): peak = 3871.938 ; gain = 0.000
Total Elapsed time in route_design: 26.627 secs

Phase 14 Post-Route Event Processing
Phase 14 Post-Route Event Processing | Checksum: 14143883f

Time (s): cpu = 00:00:48 ; elapsed = 00:00:27 . Memory (MB): peak = 3871.938 ; gain = 0.000
INFO: [Route 35-16] Router Completed Successfully
Ending Routing Task | Checksum: 14143883f

Time (s): cpu = 00:00:49 ; elapsed = 00:00:27 . Memory (MB): peak = 3871.938 ; gain = 0.000

Routing Is Done.
INFO: [Common 17-83] Releasing license: Implementation
104 Infos, 8 Warnings, 2 Critical Warnings and 0 Errors encountered.
route_design completed successfully
route_design: Time (s): cpu = 00:00:54 ; elapsed = 00:00:30 . Memory (MB): peak = 3871.938 ; gain = 0.000
INFO: [Vivado 12-24828] Executing command : report_drc -file design_1_wrapper_drc_routed.rpt -pb design_1_wrapper_drc_routed.pb -rpx design_1_wrapper_drc_routed.rpx
Command: report_drc -file design_1_wrapper_drc_routed.rpt -pb design_1_wrapper_drc_routed.pb -rpx design_1_wrapper_drc_routed.rpx
INFO: [IP_Flow 19-1839] IP Catalog is up to date.
INFO: [DRC 23-27] Running DRC with 2 threads
INFO: [Vivado_Tcl 2-168] The results of DRC are in file D:/Documents/FAU/NanoSat/riscv_radhart_coll/RiscVFSM/Riscvfsmwrapper/Riscvfsmwrapper.runs/impl_1/design_1_wrapper_drc_routed.rpt.
report_drc completed successfully
INFO: [Vivado 12-24828] Executing command : report_methodology -file design_1_wrapper_methodology_drc_routed.rpt -pb design_1_wrapper_methodology_drc_routed.pb -rpx design_1_wrapper_methodology_drc_routed.rpx
Command: report_methodology -file design_1_wrapper_methodology_drc_routed.rpt -pb design_1_wrapper_methodology_drc_routed.pb -rpx design_1_wrapper_methodology_drc_routed.rpx
INFO: [Timing 38-35] Done setting XDC timing constraints.
INFO: [DRC 23-133] Running Methodology with 2 threads
INFO: [Vivado_Tcl 2-1520] The results of Report Methodology are in file D:/Documents/FAU/NanoSat/riscv_radhart_coll/RiscVFSM/Riscvfsmwrapper/Riscvfsmwrapper.runs/impl_1/design_1_wrapper_methodology_drc_routed.rpt.
report_methodology completed successfully
report_methodology: Time (s): cpu = 00:00:10 ; elapsed = 00:00:06 . Memory (MB): peak = 3871.938 ; gain = 0.000
INFO: [Vivado 12-24828] Executing command : report_timing_summary -max_paths 10 -report_unconstrained -file design_1_wrapper_timing_summary_routed.rpt -pb design_1_wrapper_timing_summary_routed.pb -rpx design_1_wrapper_timing_summary_routed.rpx -warn_on_violation 
INFO: [Timing 38-35] Done setting XDC timing constraints.
INFO: [Timing 38-91] UpdateTimingParams: Speed grade: -1, Temperature grade: I, Delay Type: min_max.
INFO: [Timing 38-191] Multithreading enabled for timing update using a maximum of 2 CPUs
INFO: [Vivado 12-24838] Running report commands "report_incremental_reuse, report_route_status" in parallel.
Running report generation with 2 threads.
INFO: [Vivado 12-24828] Executing command : report_incremental_reuse -file design_1_wrapper_incremental_reuse_routed.rpt
INFO: [Vivado_Tcl 4-1062] Incremental flow is disabled. No incremental reuse Info to report.
INFO: [Vivado 12-24828] Executing command : report_route_status -file design_1_wrapper_route_status.rpt -pb design_1_wrapper_route_status.pb
INFO: [Vivado 12-24828] Executing command : report_power -file design_1_wrapper_power_routed.rpt -pb design_1_wrapper_power_summary_routed.pb -rpx design_1_wrapper_power_routed.rpx
Command: report_power -file design_1_wrapper_power_routed.rpt -pb design_1_wrapper_power_summary_routed.pb -rpx design_1_wrapper_power_routed.rpx
Running Vector-less Activity Propagation...

Finished Running Vector-less Activity Propagation
WARNING: [Power 33-332] Found switching activity that implies high-fanout reset nets being asserted for excessive periods of time which may result in inaccurate power analysis.
Resolution: To review and fix problems, please run Power Constraints Advisor in the GUI from Tools > Power Constraints Advisor or run report_power with the -advisory option to generate a text report.
121 Infos, 9 Warnings, 2 Critical Warnings and 0 Errors encountered.
report_power completed successfully
report_power: Time (s): cpu = 00:00:12 ; elapsed = 00:00:11 . Memory (MB): peak = 3871.938 ; gain = 0.000
INFO: [Vivado 12-24828] Executing command : report_clock_utilization -file design_1_wrapper_clock_utilization_routed.rpt
WARNING: [Device 21-9320] Failed to find the Oracle tile group with name 'HSR_BOUNDARY_TOP'. This is required for Clock regions and Virtual grid.
WARNING: [Device 21-2174] Failed to initialize Virtual grid.
INFO: [Vivado 12-24828] Executing command : report_bus_skew -warn_on_violation -file design_1_wrapper_bus_skew_routed.rpt -pb design_1_wrapper_bus_skew_routed.pb -rpx design_1_wrapper_bus_skew_routed.rpx
INFO: [Timing 38-91] UpdateTimingParams: Speed grade: -1, Temperature grade: I, Delay Type: min_max.
INFO: [Timing 38-191] Multithreading enabled for timing update using a maximum of 2 CPUs
generate_parallel_reports: Time (s): cpu = 00:00:30 ; elapsed = 00:00:24 . Memory (MB): peak = 3871.938 ; gain = 0.000
INFO: [Timing 38-480] Writing timing data to binary archive.
Write ShapeDB Complete: Time (s): cpu = 00:00:00 ; elapsed = 00:00:00.023 . Memory (MB): peak = 3871.938 ; gain = 0.000
Wrote PlaceDB: Time (s): cpu = 00:00:02 ; elapsed = 00:00:00.742 . Memory (MB): peak = 3871.938 ; gain = 0.000
Wrote PulsedLatchDB: Time (s): cpu = 00:00:00 ; elapsed = 00:00:00 . Memory (MB): peak = 3871.938 ; gain = 0.000
Writing XDEF routing.
Writing XDEF routing logical nets.
Writing XDEF routing special nets.
Wrote RouteStorage: Time (s): cpu = 00:00:00 ; elapsed = 00:00:00.184 . Memory (MB): peak = 3871.938 ; gain = 0.000
Wrote Netlist Cache: Time (s): cpu = 00:00:00 ; elapsed = 00:00:00.017 . Memory (MB): peak = 3871.938 ; gain = 0.000
Wrote Device Cache: Time (s): cpu = 00:00:00 ; elapsed = 00:00:00.040 . Memory (MB): peak = 3871.938 ; gain = 0.000
Write Physdb Complete: Time (s): cpu = 00:00:02 ; elapsed = 00:00:01 . Memory (MB): peak = 3871.938 ; gain = 0.000
INFO: [Common 17-1381] The checkpoint 'D:/Documents/FAU/NanoSat/riscv_radhart_coll/RiscVFSM/Riscvfsmwrapper/Riscvfsmwrapper.runs/impl_1/design_1_wrapper_routed.dcp' has been generated.
Command: write_bitstream -force design_1_wrapper.bit
Attempting to get a license for feature 'Implementation' and/or device 'xczu3eg'
INFO: [Common 17-349] Got license for feature 'Implementation' and/or device 'xczu3eg'
Running DRC as a precondition to command write_bitstream
INFO: [IP_Flow 19-1839] IP Catalog is up to date.
INFO: [DRC 23-27] Running DRC with 2 threads
WARNING: [DRC DPIP-2] Input pipelining: DSP design_1_i/riscv_soc_axi_wrapper_0/U0/u_soc/u_cpu/alu_inst/tmp0 input design_1_i/riscv_soc_axi_wrapper_0/U0/u_soc/u_cpu/alu_inst/tmp0/A[29:0] is not pipelined. Pipelining DSP48 input will improve performance.
WARNING: [DRC DPIP-2] Input pipelining: DSP design_1_i/riscv_soc_axi_wrapper_0/U0/u_soc/u_cpu/alu_inst/tmp0 input design_1_i/riscv_soc_axi_wrapper_0/U0/u_soc/u_cpu/alu_inst/tmp0/B[17:0] is not pipelined. Pipelining DSP48 input will improve performance.
WARNING: [DRC DPIP-2] Input pipelining: DSP design_1_i/riscv_soc_axi_wrapper_0/U0/u_soc/u_cpu/alu_inst/tmp0__0 input design_1_i/riscv_soc_axi_wrapper_0/U0/u_soc/u_cpu/alu_inst/tmp0__0/A[29:0] is not pipelined. Pipelining DSP48 input will improve performance.
WARNING: [DRC DPIP-2] Input pipelining: DSP design_1_i/riscv_soc_axi_wrapper_0/U0/u_soc/u_cpu/alu_inst/tmp0__0 input design_1_i/riscv_soc_axi_wrapper_0/U0/u_soc/u_cpu/alu_inst/tmp0__0/B[17:0] is not pipelined. Pipelining DSP48 input will improve performance.
WARNING: [DRC DPIP-2] Input pipelining: DSP design_1_i/riscv_soc_axi_wrapper_0/U0/u_soc/u_cpu/alu_inst/tmp0__1 input design_1_i/riscv_soc_axi_wrapper_0/U0/u_soc/u_cpu/alu_inst/tmp0__1/A[29:0] is not pipelined. Pipelining DSP48 input will improve performance.
WARNING: [DRC DPIP-2] Input pipelining: DSP design_1_i/riscv_soc_axi_wrapper_0/U0/u_soc/u_cpu/alu_inst/tmp0__1 input design_1_i/riscv_soc_axi_wrapper_0/U0/u_soc/u_cpu/alu_inst/tmp0__1/B[17:0] is not pipelined. Pipelining DSP48 input will improve performance.
WARNING: [DRC DPOP-3] PREG Output pipelining: DSP design_1_i/riscv_soc_axi_wrapper_0/U0/u_soc/u_cpu/alu_inst/tmp0 output design_1_i/riscv_soc_axi_wrapper_0/U0/u_soc/u_cpu/alu_inst/tmp0/P[47:0] is not pipelined (PREG=0). Pipelining the DSP48 output will improve performance and often saves power so it is suggested whenever possible to fully pipeline this function.  If this DSP48 function was inferred, it is suggested to describe an additional register stage after this function.  If the DSP48 was instantiated in the design, it is suggested to set the PREG attribute to 1.
WARNING: [DRC DPOP-3] PREG Output pipelining: DSP design_1_i/riscv_soc_axi_wrapper_0/U0/u_soc/u_cpu/alu_inst/tmp0__0 output design_1_i/riscv_soc_axi_wrapper_0/U0/u_soc/u_cpu/alu_inst/tmp0__0/P[47:0] is not pipelined (PREG=0). Pipelining the DSP48 output will improve performance and often saves power so it is suggested whenever possible to fully pipeline this function.  If this DSP48 function was inferred, it is suggested to describe an additional register stage after this function.  If the DSP48 was instantiated in the design, it is suggested to set the PREG attribute to 1.
WARNING: [DRC DPOP-3] PREG Output pipelining: DSP design_1_i/riscv_soc_axi_wrapper_0/U0/u_soc/u_cpu/alu_inst/tmp0__1 output design_1_i/riscv_soc_axi_wrapper_0/U0/u_soc/u_cpu/alu_inst/tmp0__1/P[47:0] is not pipelined (PREG=0). Pipelining the DSP48 output will improve performance and often saves power so it is suggested whenever possible to fully pipeline this function.  If this DSP48 function was inferred, it is suggested to describe an additional register stage after this function.  If the DSP48 was instantiated in the design, it is suggested to set the PREG attribute to 1.
WARNING: [DRC DPOP-4] MREG Output pipelining: DSP design_1_i/riscv_soc_axi_wrapper_0/U0/u_soc/u_cpu/alu_inst/tmp0 multiplier stage design_1_i/riscv_soc_axi_wrapper_0/U0/u_soc/u_cpu/alu_inst/tmp0/P[47:0] is not pipelined (MREG=0). Pipelining the multiplier function will improve performance and will save significant power so it is suggested whenever possible to fully pipeline this function.  If this multiplier was inferred, it is suggested to describe an additional register stage after this function.  If there is no registered adder/accumulator following the multiply function, two pipeline stages are suggested to allow both the MREG and PREG registers to be used.  If the DSP48 was instantiated in the design, it is suggested to set both the MREG and PREG attributes to 1 when performing multiply functions.
WARNING: [DRC DPOP-4] MREG Output pipelining: DSP design_1_i/riscv_soc_axi_wrapper_0/U0/u_soc/u_cpu/alu_inst/tmp0__0 multiplier stage design_1_i/riscv_soc_axi_wrapper_0/U0/u_soc/u_cpu/alu_inst/tmp0__0/P[47:0] is not pipelined (MREG=0). Pipelining the multiplier function will improve performance and will save significant power so it is suggested whenever possible to fully pipeline this function.  If this multiplier was inferred, it is suggested to describe an additional register stage after this function.  If there is no registered adder/accumulator following the multiply function, two pipeline stages are suggested to allow both the MREG and PREG registers to be used.  If the DSP48 was instantiated in the design, it is suggested to set both the MREG and PREG attributes to 1 when performing multiply functions.
WARNING: [DRC DPOP-4] MREG Output pipelining: DSP design_1_i/riscv_soc_axi_wrapper_0/U0/u_soc/u_cpu/alu_inst/tmp0__1 multiplier stage design_1_i/riscv_soc_axi_wrapper_0/U0/u_soc/u_cpu/alu_inst/tmp0__1/P[47:0] is not pipelined (MREG=0). Pipelining the multiplier function will improve performance and will save significant power so it is suggested whenever possible to fully pipeline this function.  If this multiplier was inferred, it is suggested to describe an additional register stage after this function.  If there is no registered adder/accumulator following the multiply function, two pipeline stages are suggested to allow both the MREG and PREG registers to be used.  If the DSP48 was instantiated in the design, it is suggested to set both the MREG and PREG attributes to 1 when performing multiply functions.
INFO: [Vivado 12-3199] DRC finished with 0 Errors, 12 Warnings
INFO: [Vivado 12-3200] Please refer to the DRC report (report_drc) for more information.
INFO: [Designutils 20-2272] Running write_bitstream with 2 threads.
Loading data files...
Loading site data...
Loading route data...
Processing options...
Creating bitmap...
Creating bitstream...
Writing bitstream ./design_1_wrapper.bit...
INFO: [Vivado 12-1842] Bitgen Completed Successfully.
INFO: [Project 1-1876] WebTalk data collection is mandatory when using a ULT device. To see the specific WebTalk data collected for your design, open the usage_statistics_webtalk.html or usage_statistics_webtalk.xml file in the implementation directory.
INFO: [Common 17-83] Releasing license: Implementation
136 Infos, 23 Warnings, 2 Critical Warnings and 0 Errors encountered.
write_bitstream completed successfully
write_bitstream: Time (s): cpu = 00:00:22 ; elapsed = 00:00:18 . Memory (MB): peak = 3871.938 ; gain = 0.000
INFO: [Common 17-206] Exiting Vivado at Wed May  6 15:32:38 2026...
