Determining compilation order of HDL files.
INFO: [VRFC 10-163] Analyzing VHDL file "D:/Documents/FAU/NanoSat/riscv_radhart_coll/RiscVFSM/RiscVTest.srcs/sources_1/new/alu.vhd" into library work
INFO: [VRFC 10-3107] analyzing entity 'alu'
INFO: [VRFC 10-163] Analyzing VHDL file "D:/Documents/FAU/NanoSat/riscv_radhart_coll/RiscVFSM/RiscVTest.srcs/sources_1/new/fault_injector.vhd" into library work
INFO: [VRFC 10-3107] analyzing entity 'fault_injector'
INFO: [VRFC 10-163] Analyzing VHDL file "D:/Documents/FAU/NanoSat/riscv_radhart_coll/RiscVFSM/RiscVTest.srcs/sources_1/new/tmr_fault_voter.vhd" into library work
INFO: [VRFC 10-3107] analyzing entity 'tmr_fault_voter'
INFO: [VRFC 10-163] Analyzing VHDL file "D:/Documents/FAU/NanoSat/riscv_radhart_coll/RiscVFSM/RiscVTest.srcs/sources_1/new/decoder.vhd" into library work
INFO: [VRFC 10-3107] analyzing entity 'decoder'
INFO: [VRFC 10-163] Analyzing VHDL file "D:/Documents/FAU/NanoSat/riscv_radhart_coll/RiscVFSM/RiscVTest.srcs/sources_1/new/regfile.vhd" into library work
INFO: [VRFC 10-3107] analyzing entity 'regfile'
WARNING: [VRFC 10-3093] actual for formal port 'data_i' is neither a static name nor a globally static expression [D:/Documents/FAU/NanoSat/riscv_radhart_coll/RiscVFSM/RiscVTest.srcs/sources_1/new/regfile.vhd:149]
WARNING: [VRFC 10-3093] actual for formal port 'data_i' is neither a static name nor a globally static expression [D:/Documents/FAU/NanoSat/riscv_radhart_coll/RiscVFSM/RiscVTest.srcs/sources_1/new/regfile.vhd:158]
WARNING: [VRFC 10-3093] actual for formal port 'data_i' is neither a static name nor a globally static expression [D:/Documents/FAU/NanoSat/riscv_radhart_coll/RiscVFSM/RiscVTest.srcs/sources_1/new/regfile.vhd:167]
INFO: [VRFC 10-163] Analyzing VHDL file "D:/Documents/FAU/NanoSat/riscv_radhart_coll/RiscVFSM/RiscVTest.srcs/sources_1/new/csr_file.vhd" into library work
INFO: [VRFC 10-3107] analyzing entity 'csr_file'
INFO: [VRFC 10-163] Analyzing VHDL file "D:/Documents/FAU/NanoSat/riscv_radhart_coll/RiscVFSM/RiscVTest.srcs/sources_1/new/load_store_unit.vhd" into library work
INFO: [VRFC 10-3107] analyzing entity 'load_store_unit'
INFO: [VRFC 10-163] Analyzing VHDL file "D:/Documents/FAU/NanoSat/riscv_radhart_coll/RiscVFSM/RiscVTest.srcs/sources_1/new/cpu.vhd" into library work
INFO: [VRFC 10-3107] analyzing entity 'riscv_core_memless'
INFO: [VRFC 10-163] Analyzing VHDL file "D:/Documents/FAU/NanoSat/riscv_radhart_coll/RiscVFSM/RiscVTest.srcs/sources_1/new/dmem.vhd" into library work
INFO: [VRFC 10-3107] analyzing entity 'dmem'
WARNING: [VRFC 10-3093] actual for formal port 'data_i' is neither a static name nor a globally static expression [D:/Documents/FAU/NanoSat/riscv_radhart_coll/RiscVFSM/RiscVTest.srcs/sources_1/new/dmem.vhd:140]
INFO: [VRFC 10-163] Analyzing VHDL file "D:/Documents/FAU/NanoSat/riscv_radhart_coll/RiscVFSM/RiscVTest.srcs/sources_1/new/imem_dp_ram.vhd" into library work
INFO: [VRFC 10-3107] analyzing entity 'imem_dp_ram'
INFO: [VRFC 10-163] Analyzing VHDL file "D:/Documents/FAU/NanoSat/riscv_radhart_coll/RiscVFSM/RiscVTest.srcs/sources_1/new/uart_rx.vhd" into library work
INFO: [VRFC 10-3107] analyzing entity 'uart_rx'
INFO: [VRFC 10-163] Analyzing VHDL file "D:/Documents/FAU/NanoSat/riscv_radhart_coll/RiscVFSM/RiscVTest.srcs/sources_1/new/uart_tx.vhd" into library work
INFO: [VRFC 10-3107] analyzing entity 'uart_tx'
INFO: [VRFC 10-163] Analyzing VHDL file "D:/Documents/FAU/NanoSat/riscv_radhart_coll/RiscVFSM/RiscVTest.srcs/sources_1/new/simple_timer.vhd" into library work
INFO: [VRFC 10-3107] analyzing entity 'simple_timer'
INFO: [VRFC 10-163] Analyzing VHDL file "D:/Documents/FAU/NanoSat/riscv_radhart_coll/RiscVFSM/RiscVTest.srcs/sources_1/new/riscv_soc_boot.vhd" into library work
INFO: [VRFC 10-3107] analyzing entity 'riscv_soc_boot'
INFO: [VRFC 10-163] Analyzing VHDL file "D:/Documents/FAU/NanoSat/riscv_radhart_coll/RiscVFSM/RiscVTest.srcs/sim_1/new/tb_fault_campaign.vhd" into library work
INFO: [VRFC 10-3107] analyzing entity 'tb_fault_campaign'
